Archive member included because of file (symbol)

c:/program files (x86)/atmel/avr tools/avr toolchain/bin/../lib/gcc/avr/4.6.2/avr6\libgcc.a(_divmodhi4.o)
                              prime.o (__divmodhi4)
c:/program files (x86)/atmel/avr tools/avr toolchain/bin/../lib/gcc/avr/4.6.2/avr6\libgcc.a(_exit.o)
                              c:/program files (x86)/atmel/avr tools/avr toolchain/bin/../lib/gcc/avr/4.6.2/../../../../avr/lib/avr6/crtm2560.o (exit)
c:/program files (x86)/atmel/avr tools/avr toolchain/bin/../lib/gcc/avr/4.6.2/avr6\libgcc.a(_copy_data.o)
                              list.o (__do_copy_data)
c:/program files (x86)/atmel/avr tools/avr toolchain/bin/../lib/gcc/avr/4.6.2/avr6\libgcc.a(_clear_bss.o)
                              list.o (__do_clear_bss)
c:/program files (x86)/atmel/avr tools/avr toolchain/bin/../lib/gcc/avr/4.6.2/avr6\libgcc.a(_udivmodhi4.o)
                              c:/program files (x86)/atmel/avr tools/avr toolchain/bin/../lib/gcc/avr/4.6.2/avr6\libgcc.a(_divmodhi4.o) (__udivmodhi4)
c:/program files (x86)/atmel/avr tools/avr toolchain/bin/../lib/gcc/avr/4.6.2/../../../../avr/lib/avr6\libc.a(malloc.o)
                              list.o (malloc)
c:/program files (x86)/atmel/avr tools/avr toolchain/bin/../lib/gcc/avr/4.6.2/../../../../avr/lib/avr6\libc.a(atoi.o)
                              prime.o (atoi)
c:/program files (x86)/atmel/avr tools/avr toolchain/bin/../lib/gcc/avr/4.6.2/../../../../avr/lib/avr6\libc.a(strtok.o)
                              task.o (strtok)
c:/program files (x86)/atmel/avr tools/avr toolchain/bin/../lib/gcc/avr/4.6.2/../../../../avr/lib/avr6\libc.a(strcmp.o)
                              task.o (strcmp)
c:/program files (x86)/atmel/avr tools/avr toolchain/bin/../lib/gcc/avr/4.6.2/../../../../avr/lib/avr6\libc.a(strcpy.o)
                              uart.o (strcpy)
c:/program files (x86)/atmel/avr tools/avr toolchain/bin/../lib/gcc/avr/4.6.2/../../../../avr/lib/avr6\libc.a(strtok_r.o)
                              c:/program files (x86)/atmel/avr tools/avr toolchain/bin/../lib/gcc/avr/4.6.2/../../../../avr/lib/avr6\libc.a(strtok.o) (strtok_r)
c:/program files (x86)/atmel/avr tools/avr toolchain/bin/../lib/gcc/avr/4.6.2/../../../../avr/lib/avr6\libc.a(mul10.o)
                              c:/program files (x86)/atmel/avr tools/avr toolchain/bin/../lib/gcc/avr/4.6.2/../../../../avr/lib/avr6\libc.a(atoi.o) (__mulhi_const_10)
c:/program files (x86)/atmel/avr tools/avr toolchain/bin/../lib/gcc/avr/4.6.2/../../../../avr/lib/avr6\libc.a(fgets.o)
                              list.o (fgets)
c:/program files (x86)/atmel/avr tools/avr toolchain/bin/../lib/gcc/avr/4.6.2/../../../../avr/lib/avr6\libc.a(gets.o)
                              task.o (gets)
c:/program files (x86)/atmel/avr tools/avr toolchain/bin/../lib/gcc/avr/4.6.2/../../../../avr/lib/avr6\libc.a(iob.o)
                              list.o (__iob)
c:/program files (x86)/atmel/avr tools/avr toolchain/bin/../lib/gcc/avr/4.6.2/../../../../avr/lib/avr6\libc.a(printf.o)
                              list.o (printf)
c:/program files (x86)/atmel/avr tools/avr toolchain/bin/../lib/gcc/avr/4.6.2/../../../../avr/lib/avr6\libc.a(putchar.o)
                              list.o (putchar)
c:/program files (x86)/atmel/avr tools/avr toolchain/bin/../lib/gcc/avr/4.6.2/../../../../avr/lib/avr6\libc.a(puts.o)
                              task.o (puts)
c:/program files (x86)/atmel/avr tools/avr toolchain/bin/../lib/gcc/avr/4.6.2/../../../../avr/lib/avr6\libc.a(vfprintf_std.o)
                              c:/program files (x86)/atmel/avr tools/avr toolchain/bin/../lib/gcc/avr/4.6.2/../../../../avr/lib/avr6\libc.a(printf.o) (vfprintf)
c:/program files (x86)/atmel/avr tools/avr toolchain/bin/../lib/gcc/avr/4.6.2/../../../../avr/lib/avr6\libc.a(strnlen_P.o)
                              c:/program files (x86)/atmel/avr tools/avr toolchain/bin/../lib/gcc/avr/4.6.2/../../../../avr/lib/avr6\libc.a(vfprintf_std.o) (strnlen_P)
c:/program files (x86)/atmel/avr tools/avr toolchain/bin/../lib/gcc/avr/4.6.2/../../../../avr/lib/avr6\libc.a(strnlen.o)
                              c:/program files (x86)/atmel/avr tools/avr toolchain/bin/../lib/gcc/avr/4.6.2/../../../../avr/lib/avr6\libc.a(vfprintf_std.o) (strnlen)
c:/program files (x86)/atmel/avr tools/avr toolchain/bin/../lib/gcc/avr/4.6.2/../../../../avr/lib/avr6\libc.a(fgetc.o)
                              c:/program files (x86)/atmel/avr tools/avr toolchain/bin/../lib/gcc/avr/4.6.2/../../../../avr/lib/avr6\libc.a(fgets.o) (fgetc)
c:/program files (x86)/atmel/avr tools/avr toolchain/bin/../lib/gcc/avr/4.6.2/../../../../avr/lib/avr6\libc.a(fputc.o)
                              c:/program files (x86)/atmel/avr tools/avr toolchain/bin/../lib/gcc/avr/4.6.2/../../../../avr/lib/avr6\libc.a(putchar.o) (fputc)
c:/program files (x86)/atmel/avr tools/avr toolchain/bin/../lib/gcc/avr/4.6.2/../../../../avr/lib/avr6\libc.a(ultoa_invert.o)
                              c:/program files (x86)/atmel/avr tools/avr toolchain/bin/../lib/gcc/avr/4.6.2/../../../../avr/lib/avr6\libc.a(vfprintf_std.o) (__ultoa_invert)

Allocating common symbols
Common symbol       size              file

fi                  0x2               que.o
__brkval            0x2               c:/program files (x86)/atmel/avr tools/avr toolchain/bin/../lib/gcc/avr/4.6.2/../../../../avr/lib/avr6\libc.a(malloc.o)
qo                  0x40              que.o
uart_busy           0x1               uart.o
Task_r              0x2               task.o
fo                  0x2               que.o
ro                  0x2               que.o
ri                  0x2               que.o
Task_q              0xa0              task.o
__flp               0x2               c:/program files (x86)/atmel/avr tools/avr toolchain/bin/../lib/gcc/avr/4.6.2/../../../../avr/lib/avr6\libc.a(malloc.o)
__iob               0x6               c:/program files (x86)/atmel/avr tools/avr toolchain/bin/../lib/gcc/avr/4.6.2/../../../../avr/lib/avr6\libc.a(iob.o)
Task_f              0x2               task.o
qi                  0x40              que.o

Memory Configuration

Name             Origin             Length             Attributes
text             0x00000000         0x00100000         xr
data             0x00800200         0x0000fe00         rw !x
eeprom           0x00810000         0x00010000         rw !x
fuse             0x00820000         0x00000400         rw !x
lock             0x00830000         0x00000400         rw !x
signature        0x00840000         0x00000400         rw !x
*default*        0x00000000         0xffffffff

Linker script and memory map

Address of section .data set to 0x800200
LOAD c:/program files (x86)/atmel/avr tools/avr toolchain/bin/../lib/gcc/avr/4.6.2/../../../../avr/lib/avr6/crtm2560.o
LOAD list.o
LOAD main.o
LOAD prime.o
LOAD que.o
LOAD timer.o
LOAD uart.o
LOAD task.o
LOAD c:/program files (x86)/atmel/avr tools/avr toolchain/bin/../lib/gcc/avr/4.6.2/avr6\libgcc.a
LOAD c:/program files (x86)/atmel/avr tools/avr toolchain/bin/../lib/gcc/avr/4.6.2/../../../../avr/lib/avr6\libc.a
LOAD c:/program files (x86)/atmel/avr tools/avr toolchain/bin/../lib/gcc/avr/4.6.2/avr6\libgcc.a

.hash
 *(.hash)

.dynsym
 *(.dynsym)

.dynstr
 *(.dynstr)

.gnu.version
 *(.gnu.version)

.gnu.version_d
 *(.gnu.version_d)

.gnu.version_r
 *(.gnu.version_r)

.rel.init
 *(.rel.init)

.rela.init
 *(.rela.init)

.rel.text
 *(.rel.text)
 *(.rel.text.*)
 *(.rel.gnu.linkonce.t*)

.rela.text
 *(.rela.text)
 *(.rela.text.*)
 *(.rela.gnu.linkonce.t*)

.rel.fini
 *(.rel.fini)

.rela.fini
 *(.rela.fini)

.rel.rodata
 *(.rel.rodata)
 *(.rel.rodata.*)
 *(.rel.gnu.linkonce.r*)

.rela.rodata
 *(.rela.rodata)
 *(.rela.rodata.*)
 *(.rela.gnu.linkonce.r*)

.rel.data
 *(.rel.data)
 *(.rel.data.*)
 *(.rel.gnu.linkonce.d*)

.rela.data
 *(.rela.data)
 *(.rela.data.*)
 *(.rela.gnu.linkonce.d*)

.rel.ctors
 *(.rel.ctors)

.rela.ctors
 *(.rela.ctors)

.rel.dtors
 *(.rel.dtors)

.rela.dtors
 *(.rela.dtors)

.rel.got
 *(.rel.got)

.rela.got
 *(.rela.got)

.rel.bss
 *(.rel.bss)

.rela.bss
 *(.rela.bss)

.rel.plt
 *(.rel.plt)

.rela.plt
 *(.rela.plt)

.text           0x00000000     0x184a
 *(.vectors)
 .vectors       0x00000000       0xe4 c:/program files (x86)/atmel/avr tools/avr toolchain/bin/../lib/gcc/avr/4.6.2/../../../../avr/lib/avr6/crtm2560.o
                0x00000000                __vector_default
                0x00000000                __vectors
 *(.vectors)
 *(.progmem.gcc*)
 *(.progmem*)
                0x000000e4                . = ALIGN (0x2)
                0x000000e4                __trampolines_start = .
 *(.trampolines)
 .trampolines   0x000000e4        0x0 linker stubs
 *(.trampolines*)
                0x000000e4                __trampolines_end = .
 *(.jumptables)
 *(.jumptables*)
 *(.lowtext)
 *(.lowtext*)
                0x000000e4                __ctors_start = .
 *(.ctors)
                0x000000e4                __ctors_end = .
                0x000000e4                __dtors_start = .
 *(.dtors)
                0x000000e4                __dtors_end = .
 SORT(*)(.ctors)
 SORT(*)(.dtors)
 *(.init0)
 .init0         0x000000e4        0x0 c:/program files (x86)/atmel/avr tools/avr toolchain/bin/../lib/gcc/avr/4.6.2/../../../../avr/lib/avr6/crtm2560.o
                0x000000e4                __init
 *(.init0)
 *(.init1)
 *(.init1)
 *(.init2)
 .init2         0x000000e4       0x10 c:/program files (x86)/atmel/avr tools/avr toolchain/bin/../lib/gcc/avr/4.6.2/../../../../avr/lib/avr6/crtm2560.o
 *(.init2)
 *(.init3)
 *(.init3)
 *(.init4)
 .init4         0x000000f4       0x1c c:/program files (x86)/atmel/avr tools/avr toolchain/bin/../lib/gcc/avr/4.6.2/avr6\libgcc.a(_copy_data.o)
                0x000000f4                __do_copy_data
 .init4         0x00000110       0x10 c:/program files (x86)/atmel/avr tools/avr toolchain/bin/../lib/gcc/avr/4.6.2/avr6\libgcc.a(_clear_bss.o)
                0x00000110                __do_clear_bss
 *(.init4)
 *(.init5)
 *(.init5)
 *(.init6)
 *(.init6)
 *(.init7)
 *(.init7)
 *(.init8)
 *(.init8)
 *(.init9)
 .init9         0x00000120        0x8 c:/program files (x86)/atmel/avr tools/avr toolchain/bin/../lib/gcc/avr/4.6.2/../../../../avr/lib/avr6/crtm2560.o
 *(.init9)
 *(.text)
 .text          0x00000128        0x4 c:/program files (x86)/atmel/avr tools/avr toolchain/bin/../lib/gcc/avr/4.6.2/../../../../avr/lib/avr6/crtm2560.o
                0x00000128                __vector_38
                0x00000128                __vector_22
                0x00000128                __vector_28
                0x00000128                __vector_1
                0x00000128                __vector_32
                0x00000128                __vector_34
                0x00000128                __vector_24
                0x00000128                __vector_12
                0x00000128                __vector_55
                0x00000128                __vector_46
                0x00000128                __bad_interrupt
                0x00000128                __vector_6
                0x00000128                __vector_31
                0x00000128                __vector_35
                0x00000128                __vector_39
                0x00000128                __vector_3
                0x00000128                __vector_23
                0x00000128                __vector_30
                0x00000128                __vector_45
                0x00000128                __vector_11
                0x00000128                __vector_54
                0x00000128                __vector_13
                0x00000128                __vector_17
                0x00000128                __vector_19
                0x00000128                __vector_56
                0x00000128                __vector_7
                0x00000128                __vector_49
                0x00000128                __vector_41
                0x00000128                __vector_43
                0x00000128                __vector_5
                0x00000128                __vector_33
                0x00000128                __vector_47
                0x00000128                __vector_52
                0x00000128                __vector_37
                0x00000128                __vector_4
                0x00000128                __vector_44
                0x00000128                __vector_51
                0x00000128                __vector_9
                0x00000128                __vector_2
                0x00000128                __vector_21
                0x00000128                __vector_36
                0x00000128                __vector_29
                0x00000128                __vector_40
                0x00000128                __vector_8
                0x00000128                __vector_26
                0x00000128                __vector_48
                0x00000128                __vector_14
                0x00000128                __vector_53
                0x00000128                __vector_10
                0x00000128                __vector_50
                0x00000128                __vector_16
                0x00000128                __vector_18
                0x00000128                __vector_20
                0x00000128                __vector_42
 .text          0x0000012c      0x1f8 list.o
                0x0000012c                get_node
                0x00000136                free_node
                0x0000013c                insert_node_head
                0x00000166                insert_node_tail
                0x00000194                insert_node_ascn
                0x00000202                tour_list
                0x00000260                free_list
                0x00000282                app_list
 .text          0x00000324        0x0 main.o
 .text          0x00000324      0x13e prime.o
                0x00000324                is_prime
                0x00000360                task_prime
                0x0000040a                task_sum
 .text          0x00000462      0x150 que.o
                0x00000462                q_init
                0x00000484                qi_insert
                0x000004c8                qi_delete
                0x00000502                qo_insert
                0x00000546                qo_delete
                0x00000580                qi_peek
 .text          0x000005b2      0x2e2 timer.o
                0x000005b2                get_timer
                0x000005bc                insert_timer
                0x000006a2                tour_timer
                0x00000726                free_timer
                0x00000748                app_timer
                0x000007c6                timer_init
                0x000007f0                timer_expire
                0x0000082a                __vector_15
 .text          0x00000894      0x20e uart.o
                0x00000894                uart_getchar
                0x000008ae                uart_putchar
                0x000008f0                uart_init
                0x00000942                __vector_27
                0x000009a0                uart_echo
                0x000009cc                __vector_25
                0x00000a9c                uart_peek
 .text          0x00000aa2      0x2ce task.o
                0x00000aa2                what_task
                0x00000b04                task_init
                0x00000b16                task_insert
                0x00000b96                task_delete
                0x00000c00                task_cmd
 .text          0x00000d70        0x0 c:/program files (x86)/atmel/avr tools/avr toolchain/bin/../lib/gcc/avr/4.6.2/avr6\libgcc.a(_divmodhi4.o)
 .text          0x00000d70        0x0 c:/program files (x86)/atmel/avr tools/avr toolchain/bin/../lib/gcc/avr/4.6.2/avr6\libgcc.a(_exit.o)
 .text          0x00000d70        0x0 c:/program files (x86)/atmel/avr tools/avr toolchain/bin/../lib/gcc/avr/4.6.2/avr6\libgcc.a(_copy_data.o)
 .text          0x00000d70        0x0 c:/program files (x86)/atmel/avr tools/avr toolchain/bin/../lib/gcc/avr/4.6.2/avr6\libgcc.a(_clear_bss.o)
 .text          0x00000d70        0x0 c:/program files (x86)/atmel/avr tools/avr toolchain/bin/../lib/gcc/avr/4.6.2/avr6\libgcc.a(_udivmodhi4.o)
 .text          0x00000d70        0x0 c:/program files (x86)/atmel/avr tools/avr toolchain/bin/../lib/gcc/avr/4.6.2/../../../../avr/lib/avr6\libc.a(malloc.o)
 .text          0x00000d70        0x0 c:/program files (x86)/atmel/avr tools/avr toolchain/bin/../lib/gcc/avr/4.6.2/../../../../avr/lib/avr6\libc.a(atoi.o)
 .text          0x00000d70        0x0 c:/program files (x86)/atmel/avr tools/avr toolchain/bin/../lib/gcc/avr/4.6.2/../../../../avr/lib/avr6\libc.a(strtok.o)
 .text          0x00000d70        0x0 c:/program files (x86)/atmel/avr tools/avr toolchain/bin/../lib/gcc/avr/4.6.2/../../../../avr/lib/avr6\libc.a(strcmp.o)
 .text          0x00000d70        0x0 c:/program files (x86)/atmel/avr tools/avr toolchain/bin/../lib/gcc/avr/4.6.2/../../../../avr/lib/avr6\libc.a(strcpy.o)
 .text          0x00000d70        0x0 c:/program files (x86)/atmel/avr tools/avr toolchain/bin/../lib/gcc/avr/4.6.2/../../../../avr/lib/avr6\libc.a(strtok_r.o)
 .text          0x00000d70        0x0 c:/program files (x86)/atmel/avr tools/avr toolchain/bin/../lib/gcc/avr/4.6.2/../../../../avr/lib/avr6\libc.a(mul10.o)
 .text          0x00000d70        0x0 c:/program files (x86)/atmel/avr tools/avr toolchain/bin/../lib/gcc/avr/4.6.2/../../../../avr/lib/avr6\libc.a(fgets.o)
 .text          0x00000d70        0x0 c:/program files (x86)/atmel/avr tools/avr toolchain/bin/../lib/gcc/avr/4.6.2/../../../../avr/lib/avr6\libc.a(gets.o)
 .text          0x00000d70        0x0 c:/program files (x86)/atmel/avr tools/avr toolchain/bin/../lib/gcc/avr/4.6.2/../../../../avr/lib/avr6\libc.a(iob.o)
 .text          0x00000d70        0x0 c:/program files (x86)/atmel/avr tools/avr toolchain/bin/../lib/gcc/avr/4.6.2/../../../../avr/lib/avr6\libc.a(printf.o)
 .text          0x00000d70        0x0 c:/program files (x86)/atmel/avr tools/avr toolchain/bin/../lib/gcc/avr/4.6.2/../../../../avr/lib/avr6\libc.a(putchar.o)
 .text          0x00000d70        0x0 c:/program files (x86)/atmel/avr tools/avr toolchain/bin/../lib/gcc/avr/4.6.2/../../../../avr/lib/avr6\libc.a(puts.o)
 .text          0x00000d70        0x0 c:/program files (x86)/atmel/avr tools/avr toolchain/bin/../lib/gcc/avr/4.6.2/../../../../avr/lib/avr6\libc.a(vfprintf_std.o)
 .text          0x00000d70        0x0 c:/program files (x86)/atmel/avr tools/avr toolchain/bin/../lib/gcc/avr/4.6.2/../../../../avr/lib/avr6\libc.a(strnlen_P.o)
 .text          0x00000d70        0x0 c:/program files (x86)/atmel/avr tools/avr toolchain/bin/../lib/gcc/avr/4.6.2/../../../../avr/lib/avr6\libc.a(strnlen.o)
 .text          0x00000d70        0x0 c:/program files (x86)/atmel/avr tools/avr toolchain/bin/../lib/gcc/avr/4.6.2/../../../../avr/lib/avr6\libc.a(fgetc.o)
 .text          0x00000d70        0x0 c:/program files (x86)/atmel/avr tools/avr toolchain/bin/../lib/gcc/avr/4.6.2/../../../../avr/lib/avr6\libc.a(fputc.o)
 .text          0x00000d70        0x0 c:/program files (x86)/atmel/avr tools/avr toolchain/bin/../lib/gcc/avr/4.6.2/../../../../avr/lib/avr6\libc.a(ultoa_invert.o)
                0x00000d70                . = ALIGN (0x2)
 *(.text.*)
 .text.startup  0x00000d70       0x56 main.o
                0x00000d70                main
 .text.libgcc   0x00000dc6       0x26 c:/program files (x86)/atmel/avr tools/avr toolchain/bin/../lib/gcc/avr/4.6.2/avr6\libgcc.a(_divmodhi4.o)
                0x00000dc6                _div
                0x00000dc6                __divmodhi4
 .text.libgcc   0x00000dec        0x0 c:/program files (x86)/atmel/avr tools/avr toolchain/bin/../lib/gcc/avr/4.6.2/avr6\libgcc.a(_exit.o)
 .text.libgcc   0x00000dec        0x0 c:/program files (x86)/atmel/avr tools/avr toolchain/bin/../lib/gcc/avr/4.6.2/avr6\libgcc.a(_copy_data.o)
 .text.libgcc   0x00000dec        0x0 c:/program files (x86)/atmel/avr tools/avr toolchain/bin/../lib/gcc/avr/4.6.2/avr6\libgcc.a(_clear_bss.o)
 .text.libgcc   0x00000dec       0x28 c:/program files (x86)/atmel/avr tools/avr toolchain/bin/../lib/gcc/avr/4.6.2/avr6\libgcc.a(_udivmodhi4.o)
                0x00000dec                __udivmodhi4
 .text.avr-libc
                0x00000e14      0x25e c:/program files (x86)/atmel/avr tools/avr toolchain/bin/../lib/gcc/avr/4.6.2/../../../../avr/lib/avr6\libc.a(malloc.o)
                0x00000e14                malloc
                0x00000f40                free
 .text.avr-libc
                0x00001072       0x3c c:/program files (x86)/atmel/avr tools/avr toolchain/bin/../lib/gcc/avr/4.6.2/../../../../avr/lib/avr6\libc.a(atoi.o)
                0x00001072                atoi
 .text.avr-libc
                0x000010ae        0xa c:/program files (x86)/atmel/avr tools/avr toolchain/bin/../lib/gcc/avr/4.6.2/../../../../avr/lib/avr6\libc.a(strtok.o)
                0x000010ae                strtok
 .text.avr-libc
                0x000010b8       0x12 c:/program files (x86)/atmel/avr tools/avr toolchain/bin/../lib/gcc/avr/4.6.2/../../../../avr/lib/avr6\libc.a(strcmp.o)
                0x000010b8                strcmp
 .text.avr-libc
                0x000010ca        0xe c:/program files (x86)/atmel/avr tools/avr toolchain/bin/../lib/gcc/avr/4.6.2/../../../../avr/lib/avr6\libc.a(strcpy.o)
                0x000010ca                strcpy
 .text.avr-libc
                0x000010d8       0x4e c:/program files (x86)/atmel/avr tools/avr toolchain/bin/../lib/gcc/avr/4.6.2/../../../../avr/lib/avr6\libc.a(strtok_r.o)
                0x000010d8                strtok_r
 .text.avr-libc
                0x00001126       0x10 c:/program files (x86)/atmel/avr tools/avr toolchain/bin/../lib/gcc/avr/4.6.2/../../../../avr/lib/avr6\libc.a(mul10.o)
                0x00001126                __mulhi_const_10
 .text.avr-libc
                0x00001136       0x68 c:/program files (x86)/atmel/avr tools/avr toolchain/bin/../lib/gcc/avr/4.6.2/../../../../avr/lib/avr6\libc.a(fgets.o)
                0x00001136                fgets
 .text.avr-libc
                0x0000119e       0x4c c:/program files (x86)/atmel/avr tools/avr toolchain/bin/../lib/gcc/avr/4.6.2/../../../../avr/lib/avr6\libc.a(gets.o)
                0x0000119e                gets
 .text.avr-libc
                0x000011ea       0x24 c:/program files (x86)/atmel/avr tools/avr toolchain/bin/../lib/gcc/avr/4.6.2/../../../../avr/lib/avr6\libc.a(printf.o)
                0x000011ea                printf
 .text.avr-libc
                0x0000120e        0xe c:/program files (x86)/atmel/avr tools/avr toolchain/bin/../lib/gcc/avr/4.6.2/../../../../avr/lib/avr6\libc.a(putchar.o)
                0x0000120e                putchar
 .text.avr-libc
                0x0000121c       0x5c c:/program files (x86)/atmel/avr tools/avr toolchain/bin/../lib/gcc/avr/4.6.2/../../../../avr/lib/avr6\libc.a(puts.o)
                0x0000121c                puts
 .text.avr-libc
                0x00001278      0x40e c:/program files (x86)/atmel/avr tools/avr toolchain/bin/../lib/gcc/avr/4.6.2/../../../../avr/lib/avr6\libc.a(vfprintf_std.o)
                0x00001278                vfprintf
 .text.avr-libc
                0x00001686       0x16 c:/program files (x86)/atmel/avr tools/avr toolchain/bin/../lib/gcc/avr/4.6.2/../../../../avr/lib/avr6\libc.a(strnlen_P.o)
                0x00001686                strnlen_P
 .text.avr-libc
                0x0000169c       0x16 c:/program files (x86)/atmel/avr tools/avr toolchain/bin/../lib/gcc/avr/4.6.2/../../../../avr/lib/avr6\libc.a(strnlen.o)
                0x0000169c                strnlen
 .text.avr-libc
                0x000016b2       0x80 c:/program files (x86)/atmel/avr tools/avr toolchain/bin/../lib/gcc/avr/4.6.2/../../../../avr/lib/avr6\libc.a(fgetc.o)
                0x000016b2                fgetc
 .text.avr-libc
                0x00001732       0x58 c:/program files (x86)/atmel/avr tools/avr toolchain/bin/../lib/gcc/avr/4.6.2/../../../../avr/lib/avr6\libc.a(fputc.o)
                0x00001732                fputc
 .text.avr-libc
                0x0000178a       0xbc c:/program files (x86)/atmel/avr tools/avr toolchain/bin/../lib/gcc/avr/4.6.2/../../../../avr/lib/avr6\libc.a(ultoa_invert.o)
                0x0000178a                __ultoa_invert
                0x00001846                . = ALIGN (0x2)
 *(.fini9)
 .fini9         0x00001846        0x0 c:/program files (x86)/atmel/avr tools/avr toolchain/bin/../lib/gcc/avr/4.6.2/avr6\libgcc.a(_exit.o)
                0x00001846                _exit
                0x00001846                exit
 *(.fini9)
 *(.fini8)
 *(.fini8)
 *(.fini7)
 *(.fini7)
 *(.fini6)
 *(.fini6)
 *(.fini5)
 *(.fini5)
 *(.fini4)
 *(.fini4)
 *(.fini3)
 *(.fini3)
 *(.fini2)
 *(.fini2)
 *(.fini1)
 *(.fini1)
 *(.fini0)
 .fini0         0x00001846        0x4 c:/program files (x86)/atmel/avr tools/avr toolchain/bin/../lib/gcc/avr/4.6.2/avr6\libgcc.a(_exit.o)
 *(.fini0)
                0x0000184a                _etext = .

.data           0x00800200       0xf4 load address 0x0000184a
                0x00800200                PROVIDE (__data_start, .)
 *(.data)
 .data          0x00800200        0x0 c:/program files (x86)/atmel/avr tools/avr toolchain/bin/../lib/gcc/avr/4.6.2/../../../../avr/lib/avr6/crtm2560.o
 .data          0x00800200        0xa list.o
 .data          0x0080020a        0x3 main.o
 .data          0x0080020d       0x33 prime.o
 .data          0x00800240        0x0 que.o
 .data          0x00800240        0xf timer.o
 .data          0x0080024f       0x1f uart.o
                0x00800250                Mystdin
                0x0080025e                Mystdout
 .data          0x0080026e       0x7f task.o
                0x008002a7                Task_cnt
                0x008002a9                Task_tab
 .data          0x008002ed        0x0 c:/program files (x86)/atmel/avr tools/avr toolchain/bin/../lib/gcc/avr/4.6.2/avr6\libgcc.a(_divmodhi4.o)
 .data          0x008002ed        0x0 c:/program files (x86)/atmel/avr tools/avr toolchain/bin/../lib/gcc/avr/4.6.2/avr6\libgcc.a(_exit.o)
 .data          0x008002ed        0x0 c:/program files (x86)/atmel/avr tools/avr toolchain/bin/../lib/gcc/avr/4.6.2/avr6\libgcc.a(_copy_data.o)
 .data          0x008002ed        0x0 c:/program files (x86)/atmel/avr tools/avr toolchain/bin/../lib/gcc/avr/4.6.2/avr6\libgcc.a(_clear_bss.o)
 .data          0x008002ed        0x0 c:/program files (x86)/atmel/avr tools/avr toolchain/bin/../lib/gcc/avr/4.6.2/avr6\libgcc.a(_udivmodhi4.o)
 .data          0x008002ed        0x6 c:/program files (x86)/atmel/avr tools/avr toolchain/bin/../lib/gcc/avr/4.6.2/../../../../avr/lib/avr6\libc.a(malloc.o)
                0x008002ed                __malloc_heap_end
                0x008002ef                __malloc_heap_start
                0x008002f1                __malloc_margin
 .data          0x008002f3        0x0 c:/program files (x86)/atmel/avr tools/avr toolchain/bin/../lib/gcc/avr/4.6.2/../../../../avr/lib/avr6\libc.a(atoi.o)
 .data          0x008002f3        0x0 c:/program files (x86)/atmel/avr tools/avr toolchain/bin/../lib/gcc/avr/4.6.2/../../../../avr/lib/avr6\libc.a(strtok.o)
 .data          0x008002f3        0x0 c:/program files (x86)/atmel/avr tools/avr toolchain/bin/../lib/gcc/avr/4.6.2/../../../../avr/lib/avr6\libc.a(strcmp.o)
 .data          0x008002f3        0x0 c:/program files (x86)/atmel/avr tools/avr toolchain/bin/../lib/gcc/avr/4.6.2/../../../../avr/lib/avr6\libc.a(strcpy.o)
 .data          0x008002f3        0x0 c:/program files (x86)/atmel/avr tools/avr toolchain/bin/../lib/gcc/avr/4.6.2/../../../../avr/lib/avr6\libc.a(strtok_r.o)
 .data          0x008002f3        0x0 c:/program files (x86)/atmel/avr tools/avr toolchain/bin/../lib/gcc/avr/4.6.2/../../../../avr/lib/avr6\libc.a(mul10.o)
 .data          0x008002f3        0x0 c:/program files (x86)/atmel/avr tools/avr toolchain/bin/../lib/gcc/avr/4.6.2/../../../../avr/lib/avr6\libc.a(fgets.o)
 .data          0x008002f3        0x0 c:/program files (x86)/atmel/avr tools/avr toolchain/bin/../lib/gcc/avr/4.6.2/../../../../avr/lib/avr6\libc.a(gets.o)
 .data          0x008002f3        0x0 c:/program files (x86)/atmel/avr tools/avr toolchain/bin/../lib/gcc/avr/4.6.2/../../../../avr/lib/avr6\libc.a(iob.o)
 .data          0x008002f3        0x0 c:/program files (x86)/atmel/avr tools/avr toolchain/bin/../lib/gcc/avr/4.6.2/../../../../avr/lib/avr6\libc.a(printf.o)
 .data          0x008002f3        0x0 c:/program files (x86)/atmel/avr tools/avr toolchain/bin/../lib/gcc/avr/4.6.2/../../../../avr/lib/avr6\libc.a(putchar.o)
 .data          0x008002f3        0x0 c:/program files (x86)/atmel/avr tools/avr toolchain/bin/../lib/gcc/avr/4.6.2/../../../../avr/lib/avr6\libc.a(puts.o)
 .data          0x008002f3        0x0 c:/program files (x86)/atmel/avr tools/avr toolchain/bin/../lib/gcc/avr/4.6.2/../../../../avr/lib/avr6\libc.a(vfprintf_std.o)
 .data          0x008002f3        0x0 c:/program files (x86)/atmel/avr tools/avr toolchain/bin/../lib/gcc/avr/4.6.2/../../../../avr/lib/avr6\libc.a(strnlen_P.o)
 .data          0x008002f3        0x0 c:/program files (x86)/atmel/avr tools/avr toolchain/bin/../lib/gcc/avr/4.6.2/../../../../avr/lib/avr6\libc.a(strnlen.o)
 .data          0x008002f3        0x0 c:/program files (x86)/atmel/avr tools/avr toolchain/bin/../lib/gcc/avr/4.6.2/../../../../avr/lib/avr6\libc.a(fgetc.o)
 .data          0x008002f3        0x0 c:/program files (x86)/atmel/avr tools/avr toolchain/bin/../lib/gcc/avr/4.6.2/../../../../avr/lib/avr6\libc.a(fputc.o)
 .data          0x008002f3        0x0 c:/program files (x86)/atmel/avr tools/avr toolchain/bin/../lib/gcc/avr/4.6.2/../../../../avr/lib/avr6\libc.a(ultoa_invert.o)
 *(.data*)
 *(.rodata)
 *(.rodata*)
 *(.gnu.linkonce.d*)
                0x008002f4                . = ALIGN (0x2)
 *fill*         0x008002f3        0x1 00
                0x008002f4                _edata = .
                0x008002f4                PROVIDE (__data_end, .)

.bss            0x008002f4      0x13d
                0x008002f4                PROVIDE (__bss_start, .)
 *(.bss)
 .bss           0x008002f4        0x0 c:/program files (x86)/atmel/avr tools/avr toolchain/bin/../lib/gcc/avr/4.6.2/../../../../avr/lib/avr6/crtm2560.o
 .bss           0x008002f4        0x2 list.o
                0x008002f4                Head
 .bss           0x008002f6        0x0 main.o
 .bss           0x008002f6        0x0 prime.o
 .bss           0x008002f6        0x0 que.o
 .bss           0x008002f6        0x2 timer.o
                0x008002f6                Thead
 .bss           0x008002f8        0x0 uart.o
 .bss           0x008002f8        0x0 task.o
 .bss           0x008002f8        0x0 c:/program files (x86)/atmel/avr tools/avr toolchain/bin/../lib/gcc/avr/4.6.2/avr6\libgcc.a(_divmodhi4.o)
 .bss           0x008002f8        0x0 c:/program files (x86)/atmel/avr tools/avr toolchain/bin/../lib/gcc/avr/4.6.2/avr6\libgcc.a(_exit.o)
 .bss           0x008002f8        0x0 c:/program files (x86)/atmel/avr tools/avr toolchain/bin/../lib/gcc/avr/4.6.2/avr6\libgcc.a(_copy_data.o)
 .bss           0x008002f8        0x0 c:/program files (x86)/atmel/avr tools/avr toolchain/bin/../lib/gcc/avr/4.6.2/avr6\libgcc.a(_clear_bss.o)
 .bss           0x008002f8        0x0 c:/program files (x86)/atmel/avr tools/avr toolchain/bin/../lib/gcc/avr/4.6.2/avr6\libgcc.a(_udivmodhi4.o)
 .bss           0x008002f8        0x0 c:/program files (x86)/atmel/avr tools/avr toolchain/bin/../lib/gcc/avr/4.6.2/../../../../avr/lib/avr6\libc.a(malloc.o)
 .bss           0x008002f8        0x0 c:/program files (x86)/atmel/avr tools/avr toolchain/bin/../lib/gcc/avr/4.6.2/../../../../avr/lib/avr6\libc.a(atoi.o)
 .bss           0x008002f8        0x2 c:/program files (x86)/atmel/avr tools/avr toolchain/bin/../lib/gcc/avr/4.6.2/../../../../avr/lib/avr6\libc.a(strtok.o)
 .bss           0x008002fa        0x0 c:/program files (x86)/atmel/avr tools/avr toolchain/bin/../lib/gcc/avr/4.6.2/../../../../avr/lib/avr6\libc.a(strcmp.o)
 .bss           0x008002fa        0x0 c:/program files (x86)/atmel/avr tools/avr toolchain/bin/../lib/gcc/avr/4.6.2/../../../../avr/lib/avr6\libc.a(strcpy.o)
 .bss           0x008002fa        0x0 c:/program files (x86)/atmel/avr tools/avr toolchain/bin/../lib/gcc/avr/4.6.2/../../../../avr/lib/avr6\libc.a(strtok_r.o)
 .bss           0x008002fa        0x0 c:/program files (x86)/atmel/avr tools/avr toolchain/bin/../lib/gcc/avr/4.6.2/../../../../avr/lib/avr6\libc.a(mul10.o)
 .bss           0x008002fa        0x0 c:/program files (x86)/atmel/avr tools/avr toolchain/bin/../lib/gcc/avr/4.6.2/../../../../avr/lib/avr6\libc.a(fgets.o)
 .bss           0x008002fa        0x0 c:/program files (x86)/atmel/avr tools/avr toolchain/bin/../lib/gcc/avr/4.6.2/../../../../avr/lib/avr6\libc.a(gets.o)
 .bss           0x008002fa        0x0 c:/program files (x86)/atmel/avr tools/avr toolchain/bin/../lib/gcc/avr/4.6.2/../../../../avr/lib/avr6\libc.a(iob.o)
 .bss           0x008002fa        0x0 c:/program files (x86)/atmel/avr tools/avr toolchain/bin/../lib/gcc/avr/4.6.2/../../../../avr/lib/avr6\libc.a(printf.o)
 .bss           0x008002fa        0x0 c:/program files (x86)/atmel/avr tools/avr toolchain/bin/../lib/gcc/avr/4.6.2/../../../../avr/lib/avr6\libc.a(putchar.o)
 .bss           0x008002fa        0x0 c:/program files (x86)/atmel/avr tools/avr toolchain/bin/../lib/gcc/avr/4.6.2/../../../../avr/lib/avr6\libc.a(puts.o)
 .bss           0x008002fa        0x0 c:/program files (x86)/atmel/avr tools/avr toolchain/bin/../lib/gcc/avr/4.6.2/../../../../avr/lib/avr6\libc.a(vfprintf_std.o)
 .bss           0x008002fa        0x0 c:/program files (x86)/atmel/avr tools/avr toolchain/bin/../lib/gcc/avr/4.6.2/../../../../avr/lib/avr6\libc.a(strnlen_P.o)
 .bss           0x008002fa        0x0 c:/program files (x86)/atmel/avr tools/avr toolchain/bin/../lib/gcc/avr/4.6.2/../../../../avr/lib/avr6\libc.a(strnlen.o)
 .bss           0x008002fa        0x0 c:/program files (x86)/atmel/avr tools/avr toolchain/bin/../lib/gcc/avr/4.6.2/../../../../avr/lib/avr6\libc.a(fgetc.o)
 .bss           0x008002fa        0x0 c:/program files (x86)/atmel/avr tools/avr toolchain/bin/../lib/gcc/avr/4.6.2/../../../../avr/lib/avr6\libc.a(fputc.o)
 .bss           0x008002fa        0x0 c:/program files (x86)/atmel/avr tools/avr toolchain/bin/../lib/gcc/avr/4.6.2/../../../../avr/lib/avr6\libc.a(ultoa_invert.o)
 *(.bss*)
 *(COMMON)
 COMMON         0x008002fa       0x88 que.o
                0x008002fa                fi
                0x008002fc                qo
                0x0080033c                fo
                0x0080033e                ro
                0x00800340                ri
                0x00800342                qi
 COMMON         0x00800382        0x1 uart.o
                0x00800382                uart_busy
 COMMON         0x00800383       0xa4 task.o
                0x00800383                Task_r
                0x00800385                Task_q
                0x00800425                Task_f
 COMMON         0x00800427        0x4 c:/program files (x86)/atmel/avr tools/avr toolchain/bin/../lib/gcc/avr/4.6.2/../../../../avr/lib/avr6\libc.a(malloc.o)
                0x00800427                __brkval
                0x00800429                __flp
 COMMON         0x0080042b        0x6 c:/program files (x86)/atmel/avr tools/avr toolchain/bin/../lib/gcc/avr/4.6.2/../../../../avr/lib/avr6\libc.a(iob.o)
                0x0080042b                __iob
                0x00800431                PROVIDE (__bss_end, .)
                0x0000184a                __data_load_start = LOADADDR (.data)
                0x0000193e                __data_load_end = (__data_load_start + SIZEOF (.data))

.noinit         0x00800431        0x0
                0x00800431                PROVIDE (__noinit_start, .)
 *(.noinit*)
                0x00800431                PROVIDE (__noinit_end, .)
                0x00800431                _end = .
                0x00800431                PROVIDE (__heap_start, .)

.eeprom         0x00810000        0x0
 *(.eeprom*)
                0x00810000                __eeprom_end = .

.fuse
 *(.fuse)
 *(.lfuse)
 *(.hfuse)
 *(.efuse)

.lock
 *(.lock*)

.signature
 *(.signature*)

.stab           0x00000000     0x117c
 *(.stab)
 .stab          0x00000000      0x6e4 c:/program files (x86)/atmel/avr tools/avr toolchain/bin/../lib/gcc/avr/4.6.2/../../../../avr/lib/avr6/crtm2560.o
 .stab          0x000006e4      0x174 c:/program files (x86)/atmel/avr tools/avr toolchain/bin/../lib/gcc/avr/4.6.2/../../../../avr/lib/avr6\libc.a(atoi.o)
                                0x180 (size before relaxing)
 .stab          0x00000858       0x84 c:/program files (x86)/atmel/avr tools/avr toolchain/bin/../lib/gcc/avr/4.6.2/../../../../avr/lib/avr6\libc.a(strcmp.o)
                                 0x90 (size before relaxing)
 .stab          0x000008dc       0x6c c:/program files (x86)/atmel/avr tools/avr toolchain/bin/../lib/gcc/avr/4.6.2/../../../../avr/lib/avr6\libc.a(strcpy.o)
                                 0x78 (size before relaxing)
 .stab          0x00000948      0x204 c:/program files (x86)/atmel/avr tools/avr toolchain/bin/../lib/gcc/avr/4.6.2/../../../../avr/lib/avr6\libc.a(strtok_r.o)
                                0x210 (size before relaxing)
 .stab          0x00000b4c       0x78 c:/program files (x86)/atmel/avr tools/avr toolchain/bin/../lib/gcc/avr/4.6.2/../../../../avr/lib/avr6\libc.a(mul10.o)
                                 0x84 (size before relaxing)
 .stab          0x00000bc4       0x9c c:/program files (x86)/atmel/avr tools/avr toolchain/bin/../lib/gcc/avr/4.6.2/../../../../avr/lib/avr6\libc.a(strnlen_P.o)
                                 0xa8 (size before relaxing)
 .stab          0x00000c60       0x9c c:/program files (x86)/atmel/avr tools/avr toolchain/bin/../lib/gcc/avr/4.6.2/../../../../avr/lib/avr6\libc.a(strnlen.o)
                                 0xa8 (size before relaxing)
 .stab          0x00000cfc      0x480 c:/program files (x86)/atmel/avr tools/avr toolchain/bin/../lib/gcc/avr/4.6.2/../../../../avr/lib/avr6\libc.a(ultoa_invert.o)
                                0x48c (size before relaxing)

.stabstr        0x00000000      0x39d
 *(.stabstr)
 .stabstr       0x00000000      0x39d c:/program files (x86)/atmel/avr tools/avr toolchain/bin/../lib/gcc/avr/4.6.2/../../../../avr/lib/avr6/crtm2560.o

.stab.excl
 *(.stab.excl)

.stab.exclstr
 *(.stab.exclstr)

.stab.index
 *(.stab.index)

.stab.indexstr
 *(.stab.indexstr)

.comment
 *(.comment)

.debug
 *(.debug)

.line
 *(.line)

.debug_srcinfo
 *(.debug_srcinfo)

.debug_sfnames
 *(.debug_sfnames)

.debug_aranges  0x00000000      0x2c8
 *(.debug_aranges)
 .debug_aranges
                0x00000000       0x20 list.o
 .debug_aranges
                0x00000020       0x20 main.o
 .debug_aranges
                0x00000040       0x20 prime.o
 .debug_aranges
                0x00000060       0x20 que.o
 .debug_aranges
                0x00000080       0x20 timer.o
 .debug_aranges
                0x000000a0       0x20 uart.o
 .debug_aranges
                0x000000c0       0x20 task.o
 .debug_aranges
                0x000000e0       0x20 c:/program files (x86)/atmel/avr tools/avr toolchain/bin/../lib/gcc/avr/4.6.2/avr6\libgcc.a(_divmodhi4.o)
 .debug_aranges
                0x00000100       0x20 c:/program files (x86)/atmel/avr tools/avr toolchain/bin/../lib/gcc/avr/4.6.2/avr6\libgcc.a(_exit.o)
 .debug_aranges
                0x00000120       0x20 c:/program files (x86)/atmel/avr tools/avr toolchain/bin/../lib/gcc/avr/4.6.2/avr6\libgcc.a(_copy_data.o)
 .debug_aranges
                0x00000140       0x20 c:/program files (x86)/atmel/avr tools/avr toolchain/bin/../lib/gcc/avr/4.6.2/avr6\libgcc.a(_clear_bss.o)
 .debug_aranges
                0x00000160       0x20 c:/program files (x86)/atmel/avr tools/avr toolchain/bin/../lib/gcc/avr/4.6.2/avr6\libgcc.a(_udivmodhi4.o)
 .debug_aranges
                0x00000180       0x28 c:/program files (x86)/atmel/avr tools/avr toolchain/bin/../lib/gcc/avr/4.6.2/../../../../avr/lib/avr6\libc.a(malloc.o)
 .debug_aranges
                0x000001a8       0x20 c:/program files (x86)/atmel/avr tools/avr toolchain/bin/../lib/gcc/avr/4.6.2/../../../../avr/lib/avr6\libc.a(strtok.o)
 .debug_aranges
                0x000001c8       0x20 c:/program files (x86)/atmel/avr tools/avr toolchain/bin/../lib/gcc/avr/4.6.2/../../../../avr/lib/avr6\libc.a(fgets.o)
 .debug_aranges
                0x000001e8       0x20 c:/program files (x86)/atmel/avr tools/avr toolchain/bin/../lib/gcc/avr/4.6.2/../../../../avr/lib/avr6\libc.a(gets.o)
 .debug_aranges
                0x00000208       0x20 c:/program files (x86)/atmel/avr tools/avr toolchain/bin/../lib/gcc/avr/4.6.2/../../../../avr/lib/avr6\libc.a(printf.o)
 .debug_aranges
                0x00000228       0x20 c:/program files (x86)/atmel/avr tools/avr toolchain/bin/../lib/gcc/avr/4.6.2/../../../../avr/lib/avr6\libc.a(putchar.o)
 .debug_aranges
                0x00000248       0x20 c:/program files (x86)/atmel/avr tools/avr toolchain/bin/../lib/gcc/avr/4.6.2/../../../../avr/lib/avr6\libc.a(puts.o)
 .debug_aranges
                0x00000268       0x20 c:/program files (x86)/atmel/avr tools/avr toolchain/bin/../lib/gcc/avr/4.6.2/../../../../avr/lib/avr6\libc.a(vfprintf_std.o)
 .debug_aranges
                0x00000288       0x20 c:/program files (x86)/atmel/avr tools/avr toolchain/bin/../lib/gcc/avr/4.6.2/../../../../avr/lib/avr6\libc.a(fgetc.o)
 .debug_aranges
                0x000002a8       0x20 c:/program files (x86)/atmel/avr tools/avr toolchain/bin/../lib/gcc/avr/4.6.2/../../../../avr/lib/avr6\libc.a(fputc.o)

.debug_pubnames
 *(.debug_pubnames)

.debug_info     0x00000000     0x28e1
 *(.debug_info)
 .debug_info    0x00000000      0x37b list.o
 .debug_info    0x0000037b       0xf0 main.o
 .debug_info    0x0000046b      0x141 prime.o
 .debug_info    0x000005ac      0x1ad que.o
 .debug_info    0x00000759      0x3a9 timer.o
 .debug_info    0x00000b02      0x3d3 uart.o
 .debug_info    0x00000ed5      0x310 task.o
 .debug_info    0x000011e5       0xdd c:/program files (x86)/atmel/avr tools/avr toolchain/bin/../lib/gcc/avr/4.6.2/avr6\libgcc.a(_divmodhi4.o)
 .debug_info    0x000012c2       0xdd c:/program files (x86)/atmel/avr tools/avr toolchain/bin/../lib/gcc/avr/4.6.2/avr6\libgcc.a(_exit.o)
 .debug_info    0x0000139f       0xdd c:/program files (x86)/atmel/avr tools/avr toolchain/bin/../lib/gcc/avr/4.6.2/avr6\libgcc.a(_copy_data.o)
 .debug_info    0x0000147c       0xdd c:/program files (x86)/atmel/avr tools/avr toolchain/bin/../lib/gcc/avr/4.6.2/avr6\libgcc.a(_clear_bss.o)
 .debug_info    0x00001559       0xdd c:/program files (x86)/atmel/avr tools/avr toolchain/bin/../lib/gcc/avr/4.6.2/avr6\libgcc.a(_udivmodhi4.o)
 .debug_info    0x00001636      0x296 c:/program files (x86)/atmel/avr tools/avr toolchain/bin/../lib/gcc/avr/4.6.2/../../../../avr/lib/avr6\libc.a(malloc.o)
 .debug_info    0x000018cc       0x8e c:/program files (x86)/atmel/avr tools/avr toolchain/bin/../lib/gcc/avr/4.6.2/../../../../avr/lib/avr6\libc.a(strtok.o)
 .debug_info    0x0000195a      0x193 c:/program files (x86)/atmel/avr tools/avr toolchain/bin/../lib/gcc/avr/4.6.2/../../../../avr/lib/avr6\libc.a(fgets.o)
 .debug_info    0x00001aed      0x1a0 c:/program files (x86)/atmel/avr tools/avr toolchain/bin/../lib/gcc/avr/4.6.2/../../../../avr/lib/avr6\libc.a(gets.o)
 .debug_info    0x00001c8d      0x14f c:/program files (x86)/atmel/avr tools/avr toolchain/bin/../lib/gcc/avr/4.6.2/../../../../avr/lib/avr6\libc.a(iob.o)
 .debug_info    0x00001ddc      0x1c6 c:/program files (x86)/atmel/avr tools/avr toolchain/bin/../lib/gcc/avr/4.6.2/../../../../avr/lib/avr6\libc.a(printf.o)
 .debug_info    0x00001fa2      0x183 c:/program files (x86)/atmel/avr tools/avr toolchain/bin/../lib/gcc/avr/4.6.2/../../../../avr/lib/avr6\libc.a(putchar.o)
 .debug_info    0x00002125      0x1ab c:/program files (x86)/atmel/avr tools/avr toolchain/bin/../lib/gcc/avr/4.6.2/../../../../avr/lib/avr6\libc.a(puts.o)
 .debug_info    0x000022d0      0x342 c:/program files (x86)/atmel/avr tools/avr toolchain/bin/../lib/gcc/avr/4.6.2/../../../../avr/lib/avr6\libc.a(vfprintf_std.o)
 .debug_info    0x00002612      0x168 c:/program files (x86)/atmel/avr tools/avr toolchain/bin/../lib/gcc/avr/4.6.2/../../../../avr/lib/avr6\libc.a(fgetc.o)
 .debug_info    0x0000277a      0x167 c:/program files (x86)/atmel/avr tools/avr toolchain/bin/../lib/gcc/avr/4.6.2/../../../../avr/lib/avr6\libc.a(fputc.o)
 *(.gnu.linkonce.wi.*)

.debug_abbrev   0x00000000     0x13b0
 *(.debug_abbrev)
 .debug_abbrev  0x00000000      0x1e0 list.o
 .debug_abbrev  0x000001e0       0xa8 main.o
 .debug_abbrev  0x00000288       0xa5 prime.o
 .debug_abbrev  0x0000032d       0xae que.o
 .debug_abbrev  0x000003db      0x1d1 timer.o
 .debug_abbrev  0x000005ac      0x222 uart.o
 .debug_abbrev  0x000007ce      0x152 task.o
 .debug_abbrev  0x00000920       0x14 c:/program files (x86)/atmel/avr tools/avr toolchain/bin/../lib/gcc/avr/4.6.2/avr6\libgcc.a(_divmodhi4.o)
 .debug_abbrev  0x00000934       0x14 c:/program files (x86)/atmel/avr tools/avr toolchain/bin/../lib/gcc/avr/4.6.2/avr6\libgcc.a(_exit.o)
 .debug_abbrev  0x00000948       0x14 c:/program files (x86)/atmel/avr tools/avr toolchain/bin/../lib/gcc/avr/4.6.2/avr6\libgcc.a(_copy_data.o)
 .debug_abbrev  0x0000095c       0x14 c:/program files (x86)/atmel/avr tools/avr toolchain/bin/../lib/gcc/avr/4.6.2/avr6\libgcc.a(_clear_bss.o)
 .debug_abbrev  0x00000970       0x14 c:/program files (x86)/atmel/avr tools/avr toolchain/bin/../lib/gcc/avr/4.6.2/avr6\libgcc.a(_udivmodhi4.o)
 .debug_abbrev  0x00000984       0xf5 c:/program files (x86)/atmel/avr tools/avr toolchain/bin/../lib/gcc/avr/4.6.2/../../../../avr/lib/avr6\libc.a(malloc.o)
 .debug_abbrev  0x00000a79       0x75 c:/program files (x86)/atmel/avr tools/avr toolchain/bin/../lib/gcc/avr/4.6.2/../../../../avr/lib/avr6\libc.a(strtok.o)
 .debug_abbrev  0x00000aee       0xe8 c:/program files (x86)/atmel/avr tools/avr toolchain/bin/../lib/gcc/avr/4.6.2/../../../../avr/lib/avr6\libc.a(fgets.o)
 .debug_abbrev  0x00000bd6       0xfa c:/program files (x86)/atmel/avr tools/avr toolchain/bin/../lib/gcc/avr/4.6.2/../../../../avr/lib/avr6\libc.a(gets.o)
 .debug_abbrev  0x00000cd0       0xc5 c:/program files (x86)/atmel/avr tools/avr toolchain/bin/../lib/gcc/avr/4.6.2/../../../../avr/lib/avr6\libc.a(iob.o)
 .debug_abbrev  0x00000d95      0x11c c:/program files (x86)/atmel/avr tools/avr toolchain/bin/../lib/gcc/avr/4.6.2/../../../../avr/lib/avr6\libc.a(printf.o)
 .debug_abbrev  0x00000eb1       0xeb c:/program files (x86)/atmel/avr tools/avr toolchain/bin/../lib/gcc/avr/4.6.2/../../../../avr/lib/avr6\libc.a(putchar.o)
 .debug_abbrev  0x00000f9c      0x101 c:/program files (x86)/atmel/avr tools/avr toolchain/bin/../lib/gcc/avr/4.6.2/../../../../avr/lib/avr6\libc.a(puts.o)
 .debug_abbrev  0x0000109d      0x161 c:/program files (x86)/atmel/avr tools/avr toolchain/bin/../lib/gcc/avr/4.6.2/../../../../avr/lib/avr6\libc.a(vfprintf_std.o)
 .debug_abbrev  0x000011fe       0xd9 c:/program files (x86)/atmel/avr tools/avr toolchain/bin/../lib/gcc/avr/4.6.2/../../../../avr/lib/avr6\libc.a(fgetc.o)
 .debug_abbrev  0x000012d7       0xd9 c:/program files (x86)/atmel/avr tools/avr toolchain/bin/../lib/gcc/avr/4.6.2/../../../../avr/lib/avr6\libc.a(fputc.o)

.debug_line     0x00000000     0x151e
 *(.debug_line)
 .debug_line    0x00000000      0x12a list.o
 .debug_line    0x0000012a       0x4e main.o
 .debug_line    0x00000178       0x7c prime.o
 .debug_line    0x000001f4       0x62 que.o
 .debug_line    0x00000256      0x136 timer.o
 .debug_line    0x0000038c      0x1b7 uart.o
 .debug_line    0x00000543       0x95 task.o
 .debug_line    0x000005d8       0x99 c:/program files (x86)/atmel/avr tools/avr toolchain/bin/../lib/gcc/avr/4.6.2/avr6\libgcc.a(_divmodhi4.o)
 .debug_line    0x00000671       0x88 c:/program files (x86)/atmel/avr tools/avr toolchain/bin/../lib/gcc/avr/4.6.2/avr6\libgcc.a(_exit.o)
 .debug_line    0x000006f9       0x96 c:/program files (x86)/atmel/avr tools/avr toolchain/bin/../lib/gcc/avr/4.6.2/avr6\libgcc.a(_copy_data.o)
 .debug_line    0x0000078f       0x8e c:/program files (x86)/atmel/avr tools/avr toolchain/bin/../lib/gcc/avr/4.6.2/avr6\libgcc.a(_clear_bss.o)
 .debug_line    0x0000081d       0x9a c:/program files (x86)/atmel/avr tools/avr toolchain/bin/../lib/gcc/avr/4.6.2/avr6\libgcc.a(_udivmodhi4.o)
 .debug_line    0x000008b7      0x1d3 c:/program files (x86)/atmel/avr tools/avr toolchain/bin/../lib/gcc/avr/4.6.2/../../../../avr/lib/avr6\libc.a(malloc.o)
 .debug_line    0x00000a8a       0x80 c:/program files (x86)/atmel/avr tools/avr toolchain/bin/../lib/gcc/avr/4.6.2/../../../../avr/lib/avr6\libc.a(strtok.o)
 .debug_line    0x00000b0a       0xef c:/program files (x86)/atmel/avr tools/avr toolchain/bin/../lib/gcc/avr/4.6.2/../../../../avr/lib/avr6\libc.a(fgets.o)
 .debug_line    0x00000bf9       0xdf c:/program files (x86)/atmel/avr tools/avr toolchain/bin/../lib/gcc/avr/4.6.2/../../../../avr/lib/avr6\libc.a(gets.o)
 .debug_line    0x00000cd8       0xc7 c:/program files (x86)/atmel/avr tools/avr toolchain/bin/../lib/gcc/avr/4.6.2/../../../../avr/lib/avr6\libc.a(iob.o)
 .debug_line    0x00000d9f      0x151 c:/program files (x86)/atmel/avr tools/avr toolchain/bin/../lib/gcc/avr/4.6.2/../../../../avr/lib/avr6\libc.a(printf.o)
 .debug_line    0x00000ef0       0xdc c:/program files (x86)/atmel/avr tools/avr toolchain/bin/../lib/gcc/avr/4.6.2/../../../../avr/lib/avr6\libc.a(putchar.o)
 .debug_line    0x00000fcc       0xec c:/program files (x86)/atmel/avr tools/avr toolchain/bin/../lib/gcc/avr/4.6.2/../../../../avr/lib/avr6\libc.a(puts.o)
 .debug_line    0x000010b8      0x291 c:/program files (x86)/atmel/avr tools/avr toolchain/bin/../lib/gcc/avr/4.6.2/../../../../avr/lib/avr6\libc.a(vfprintf_std.o)
 .debug_line    0x00001349       0xf4 c:/program files (x86)/atmel/avr tools/avr toolchain/bin/../lib/gcc/avr/4.6.2/../../../../avr/lib/avr6\libc.a(fgetc.o)
 .debug_line    0x0000143d       0xe1 c:/program files (x86)/atmel/avr tools/avr toolchain/bin/../lib/gcc/avr/4.6.2/../../../../avr/lib/avr6\libc.a(fputc.o)

.debug_frame    0x00000000      0x808
 *(.debug_frame)
 .debug_frame   0x00000000       0xe4 list.o
 .debug_frame   0x000000e4       0x38 main.o
 .debug_frame   0x0000011c       0xa0 prime.o
 .debug_frame   0x000001bc       0x74 que.o
 .debug_frame   0x00000230      0x154 timer.o
 .debug_frame   0x00000384      0x138 uart.o
 .debug_frame   0x000004bc       0xd4 task.o
 .debug_frame   0x00000590       0x54 c:/program files (x86)/atmel/avr tools/avr toolchain/bin/../lib/gcc/avr/4.6.2/../../../../avr/lib/avr6\libc.a(malloc.o)
 .debug_frame   0x000005e4       0x24 c:/program files (x86)/atmel/avr tools/avr toolchain/bin/../lib/gcc/avr/4.6.2/../../../../avr/lib/avr6\libc.a(strtok.o)
 .debug_frame   0x00000608       0x4c c:/program files (x86)/atmel/avr tools/avr toolchain/bin/../lib/gcc/avr/4.6.2/../../../../avr/lib/avr6\libc.a(fgets.o)
 .debug_frame   0x00000654       0x38 c:/program files (x86)/atmel/avr tools/avr toolchain/bin/../lib/gcc/avr/4.6.2/../../../../avr/lib/avr6\libc.a(gets.o)
 .debug_frame   0x0000068c       0x34 c:/program files (x86)/atmel/avr tools/avr toolchain/bin/../lib/gcc/avr/4.6.2/../../../../avr/lib/avr6\libc.a(printf.o)
 .debug_frame   0x000006c0       0x24 c:/program files (x86)/atmel/avr tools/avr toolchain/bin/../lib/gcc/avr/4.6.2/../../../../avr/lib/avr6\libc.a(putchar.o)
 .debug_frame   0x000006e4       0x38 c:/program files (x86)/atmel/avr tools/avr toolchain/bin/../lib/gcc/avr/4.6.2/../../../../avr/lib/avr6\libc.a(puts.o)
 .debug_frame   0x0000071c       0x84 c:/program files (x86)/atmel/avr tools/avr toolchain/bin/../lib/gcc/avr/4.6.2/../../../../avr/lib/avr6\libc.a(vfprintf_std.o)
 .debug_frame   0x000007a0       0x30 c:/program files (x86)/atmel/avr tools/avr toolchain/bin/../lib/gcc/avr/4.6.2/../../../../avr/lib/avr6\libc.a(fgetc.o)
 .debug_frame   0x000007d0       0x38 c:/program files (x86)/atmel/avr tools/avr toolchain/bin/../lib/gcc/avr/4.6.2/../../../../avr/lib/avr6\libc.a(fputc.o)

.debug_str      0x00000000      0x7f7
 *(.debug_str)
 .debug_str     0x00000000      0x10a list.o
                                0x14d (size before relaxing)
 .debug_str     0x0000010a        0xf main.o
                                 0xb4 (size before relaxing)
 .debug_str     0x00000119       0x2e prime.o
                                 0xce (size before relaxing)
 .debug_str     0x00000147       0x40 que.o
                                 0x86 (size before relaxing)
 .debug_str     0x00000187       0x7c timer.o
                                0x158 (size before relaxing)
 .debug_str     0x00000203       0xd9 uart.o
                                0x1aa (size before relaxing)
 .debug_str     0x000002dc       0x82 task.o
                                0x131 (size before relaxing)
 .debug_str     0x0000035e       0xf2 c:/program files (x86)/atmel/avr tools/avr toolchain/bin/../lib/gcc/avr/4.6.2/../../../../avr/lib/avr6\libc.a(malloc.o)
                                0x16a (size before relaxing)
 .debug_str     0x00000450       0x5f c:/program files (x86)/atmel/avr tools/avr toolchain/bin/../lib/gcc/avr/4.6.2/../../../../avr/lib/avr6\libc.a(strtok.o)
                                 0x7d (size before relaxing)
 .debug_str     0x000004af       0x56 c:/program files (x86)/atmel/avr tools/avr toolchain/bin/../lib/gcc/avr/4.6.2/../../../../avr/lib/avr6\libc.a(fgets.o)
                                 0xfb (size before relaxing)
 .debug_str     0x00000505       0x4f c:/program files (x86)/atmel/avr tools/avr toolchain/bin/../lib/gcc/avr/4.6.2/../../../../avr/lib/avr6\libc.a(gets.o)
                                 0xf8 (size before relaxing)
 .debug_str     0x00000554       0x4e c:/program files (x86)/atmel/avr tools/avr toolchain/bin/../lib/gcc/avr/4.6.2/../../../../avr/lib/avr6\libc.a(iob.o)
                                 0xf2 (size before relaxing)
 .debug_str     0x000005a2       0x72 c:/program files (x86)/atmel/avr tools/avr toolchain/bin/../lib/gcc/avr/4.6.2/../../../../avr/lib/avr6\libc.a(printf.o)
                                0x125 (size before relaxing)
 .debug_str     0x00000614       0x52 c:/program files (x86)/atmel/avr tools/avr toolchain/bin/../lib/gcc/avr/4.6.2/../../../../avr/lib/avr6\libc.a(putchar.o)
                                 0xfe (size before relaxing)
 .debug_str     0x00000666       0x54 c:/program files (x86)/atmel/avr tools/avr toolchain/bin/../lib/gcc/avr/4.6.2/../../../../avr/lib/avr6\libc.a(puts.o)
                                 0xf8 (size before relaxing)
 .debug_str     0x000006ba       0x91 c:/program files (x86)/atmel/avr tools/avr toolchain/bin/../lib/gcc/avr/4.6.2/../../../../avr/lib/avr6\libc.a(vfprintf_std.o)
                                0x16b (size before relaxing)
 .debug_str     0x0000074b       0x56 c:/program files (x86)/atmel/avr tools/avr toolchain/bin/../lib/gcc/avr/4.6.2/../../../../avr/lib/avr6\libc.a(fgetc.o)
                                 0xfb (size before relaxing)
 .debug_str     0x000007a1       0x56 c:/program files (x86)/atmel/avr tools/avr toolchain/bin/../lib/gcc/avr/4.6.2/../../../../avr/lib/avr6\libc.a(fputc.o)
                                 0xfb (size before relaxing)

.debug_loc      0x00000000     0x1e20
 *(.debug_loc)
 .debug_loc     0x00000000      0x280 list.o
 .debug_loc     0x00000280       0x53 main.o
 .debug_loc     0x000002d3      0x2db prime.o
 .debug_loc     0x000005ae       0x3c que.o
 .debug_loc     0x000005ea      0x3a9 timer.o
 .debug_loc     0x00000993      0x2e0 uart.o
 .debug_loc     0x00000c73      0x31c task.o
 .debug_loc     0x00000f8f      0x421 c:/program files (x86)/atmel/avr tools/avr toolchain/bin/../lib/gcc/avr/4.6.2/../../../../avr/lib/avr6\libc.a(malloc.o)
 .debug_loc     0x000013b0       0x30 c:/program files (x86)/atmel/avr tools/avr toolchain/bin/../lib/gcc/avr/4.6.2/../../../../avr/lib/avr6\libc.a(strtok.o)
 .debug_loc     0x000013e0      0x13e c:/program files (x86)/atmel/avr tools/avr toolchain/bin/../lib/gcc/avr/4.6.2/../../../../avr/lib/avr6\libc.a(fgets.o)
 .debug_loc     0x0000151e       0xbe c:/program files (x86)/atmel/avr tools/avr toolchain/bin/../lib/gcc/avr/4.6.2/../../../../avr/lib/avr6\libc.a(gets.o)
 .debug_loc     0x000015dc       0x3b c:/program files (x86)/atmel/avr tools/avr toolchain/bin/../lib/gcc/avr/4.6.2/../../../../avr/lib/avr6\libc.a(printf.o)
 .debug_loc     0x00001617       0x18 c:/program files (x86)/atmel/avr tools/avr toolchain/bin/../lib/gcc/avr/4.6.2/../../../../avr/lib/avr6\libc.a(putchar.o)
 .debug_loc     0x0000162f       0xe0 c:/program files (x86)/atmel/avr tools/avr toolchain/bin/../lib/gcc/avr/4.6.2/../../../../avr/lib/avr6\libc.a(puts.o)
 .debug_loc     0x0000170f      0x5e9 c:/program files (x86)/atmel/avr tools/avr toolchain/bin/../lib/gcc/avr/4.6.2/../../../../avr/lib/avr6\libc.a(vfprintf_std.o)
 .debug_loc     0x00001cf8       0x8f c:/program files (x86)/atmel/avr tools/avr toolchain/bin/../lib/gcc/avr/4.6.2/../../../../avr/lib/avr6\libc.a(fgetc.o)
 .debug_loc     0x00001d87       0x99 c:/program files (x86)/atmel/avr tools/avr toolchain/bin/../lib/gcc/avr/4.6.2/../../../../avr/lib/avr6\libc.a(fputc.o)

.debug_macinfo
 *(.debug_macinfo)
OUTPUT(Pjt11_timer_task.elf elf32-avr)
LOAD linker stubs

.debug_ranges   0x00000000       0xb8
 .debug_ranges  0x00000000       0x10 main.o
 .debug_ranges  0x00000010       0x18 c:/program files (x86)/atmel/avr tools/avr toolchain/bin/../lib/gcc/avr/4.6.2/../../../../avr/lib/avr6\libc.a(malloc.o)
 .debug_ranges  0x00000028       0x10 c:/program files (x86)/atmel/avr tools/avr toolchain/bin/../lib/gcc/avr/4.6.2/../../../../avr/lib/avr6\libc.a(strtok.o)
 .debug_ranges  0x00000038       0x10 c:/program files (x86)/atmel/avr tools/avr toolchain/bin/../lib/gcc/avr/4.6.2/../../../../avr/lib/avr6\libc.a(fgets.o)
 .debug_ranges  0x00000048       0x10 c:/program files (x86)/atmel/avr tools/avr toolchain/bin/../lib/gcc/avr/4.6.2/../../../../avr/lib/avr6\libc.a(gets.o)
 .debug_ranges  0x00000058       0x10 c:/program files (x86)/atmel/avr tools/avr toolchain/bin/../lib/gcc/avr/4.6.2/../../../../avr/lib/avr6\libc.a(printf.o)
 .debug_ranges  0x00000068       0x10 c:/program files (x86)/atmel/avr tools/avr toolchain/bin/../lib/gcc/avr/4.6.2/../../../../avr/lib/avr6\libc.a(putchar.o)
 .debug_ranges  0x00000078       0x10 c:/program files (x86)/atmel/avr tools/avr toolchain/bin/../lib/gcc/avr/4.6.2/../../../../avr/lib/avr6\libc.a(puts.o)
 .debug_ranges  0x00000088       0x10 c:/program files (x86)/atmel/avr tools/avr toolchain/bin/../lib/gcc/avr/4.6.2/../../../../avr/lib/avr6\libc.a(vfprintf_std.o)
 .debug_ranges  0x00000098       0x10 c:/program files (x86)/atmel/avr tools/avr toolchain/bin/../lib/gcc/avr/4.6.2/../../../../avr/lib/avr6\libc.a(fgetc.o)
 .debug_ranges  0x000000a8       0x10 c:/program files (x86)/atmel/avr tools/avr toolchain/bin/../lib/gcc/avr/4.6.2/../../../../avr/lib/avr6\libc.a(fputc.o)
