Archive member included because of file (symbol)

c:/program files (x86)/atmel/avr tools/avr toolchain/bin/../lib/gcc/avr/4.6.2/avr6\libgcc.a(_divmodhi4.o)
                              que.o (__divmodhi4)
c:/program files (x86)/atmel/avr tools/avr toolchain/bin/../lib/gcc/avr/4.6.2/avr6\libgcc.a(_exit.o)
                              c:/program files (x86)/atmel/avr tools/avr toolchain/bin/../lib/gcc/avr/4.6.2/../../../../avr/lib/avr6/crtm2560.o (exit)
c:/program files (x86)/atmel/avr tools/avr toolchain/bin/../lib/gcc/avr/4.6.2/avr6\libgcc.a(_copy_data.o)
                              uart.o (__do_copy_data)
c:/program files (x86)/atmel/avr tools/avr toolchain/bin/../lib/gcc/avr/4.6.2/avr6\libgcc.a(_clear_bss.o)
                              uart.o (__do_clear_bss)
c:/program files (x86)/atmel/avr tools/avr toolchain/bin/../lib/gcc/avr/4.6.2/avr6\libgcc.a(_udivmodhi4.o)
                              c:/program files (x86)/atmel/avr tools/avr toolchain/bin/../lib/gcc/avr/4.6.2/avr6\libgcc.a(_divmodhi4.o) (__udivmodhi4)
c:/program files (x86)/atmel/avr tools/avr toolchain/bin/../lib/gcc/avr/4.6.2/../../../../avr/lib/avr6\libc.a(iob.o)
                              uart.o (__iob)
c:/program files (x86)/atmel/avr tools/avr toolchain/bin/../lib/gcc/avr/4.6.2/../../../../avr/lib/avr6\libc.a(printf.o)
                              prime.o (printf)
c:/program files (x86)/atmel/avr tools/avr toolchain/bin/../lib/gcc/avr/4.6.2/../../../../avr/lib/avr6\libc.a(vfprintf_std.o)
                              c:/program files (x86)/atmel/avr tools/avr toolchain/bin/../lib/gcc/avr/4.6.2/../../../../avr/lib/avr6\libc.a(printf.o) (vfprintf)
c:/program files (x86)/atmel/avr tools/avr toolchain/bin/../lib/gcc/avr/4.6.2/../../../../avr/lib/avr6\libc.a(strnlen_P.o)
                              c:/program files (x86)/atmel/avr tools/avr toolchain/bin/../lib/gcc/avr/4.6.2/../../../../avr/lib/avr6\libc.a(vfprintf_std.o) (strnlen_P)
c:/program files (x86)/atmel/avr tools/avr toolchain/bin/../lib/gcc/avr/4.6.2/../../../../avr/lib/avr6\libc.a(strnlen.o)
                              c:/program files (x86)/atmel/avr tools/avr toolchain/bin/../lib/gcc/avr/4.6.2/../../../../avr/lib/avr6\libc.a(vfprintf_std.o) (strnlen)
c:/program files (x86)/atmel/avr tools/avr toolchain/bin/../lib/gcc/avr/4.6.2/../../../../avr/lib/avr6\libc.a(fputc.o)
                              c:/program files (x86)/atmel/avr tools/avr toolchain/bin/../lib/gcc/avr/4.6.2/../../../../avr/lib/avr6\libc.a(vfprintf_std.o) (fputc)
c:/program files (x86)/atmel/avr tools/avr toolchain/bin/../lib/gcc/avr/4.6.2/../../../../avr/lib/avr6\libc.a(ultoa_invert.o)
                              c:/program files (x86)/atmel/avr tools/avr toolchain/bin/../lib/gcc/avr/4.6.2/../../../../avr/lib/avr6\libc.a(vfprintf_std.o) (__ultoa_invert)

Allocating common symbols
Common symbol       size              file

f                   0x2               que.o
r                   0x2               que.o
uart_busy           0x1               uart.o
q                   0x40              que.o
__iob               0x6               c:/program files (x86)/atmel/avr tools/avr toolchain/bin/../lib/gcc/avr/4.6.2/../../../../avr/lib/avr6\libc.a(iob.o)

Memory Configuration

Name             Origin             Length             Attributes
text             0x00000000         0x00100000         xr
data             0x00800200         0x0000fe00         rw !x
eeprom           0x00810000         0x00010000         rw !x
fuse             0x00820000         0x00000400         rw !x
lock             0x00830000         0x00000400         rw !x
signature        0x00840000         0x00000400         rw !x
*default*        0x00000000         0xffffffff

Linker script and memory map

Address of section .data set to 0x800200
LOAD c:/program files (x86)/atmel/avr tools/avr toolchain/bin/../lib/gcc/avr/4.6.2/../../../../avr/lib/avr6/crtm2560.o
LOAD uart.o
LOAD main.o
LOAD que.o
LOAD prime.o
LOAD c:/program files (x86)/atmel/avr tools/avr toolchain/bin/../lib/gcc/avr/4.6.2/avr6\libgcc.a
LOAD c:/program files (x86)/atmel/avr tools/avr toolchain/bin/../lib/gcc/avr/4.6.2/../../../../avr/lib/avr6\libc.a
LOAD c:/program files (x86)/atmel/avr tools/avr toolchain/bin/../lib/gcc/avr/4.6.2/avr6\libgcc.a

.hash
 *(.hash)

.dynsym
 *(.dynsym)

.dynstr
 *(.dynstr)

.gnu.version
 *(.gnu.version)

.gnu.version_d
 *(.gnu.version_d)

.gnu.version_r
 *(.gnu.version_r)

.rel.init
 *(.rel.init)

.rela.init
 *(.rela.init)

.rel.text
 *(.rel.text)
 *(.rel.text.*)
 *(.rel.gnu.linkonce.t*)

.rela.text
 *(.rela.text)
 *(.rela.text.*)
 *(.rela.gnu.linkonce.t*)

.rel.fini
 *(.rel.fini)

.rela.fini
 *(.rela.fini)

.rel.rodata
 *(.rel.rodata)
 *(.rel.rodata.*)
 *(.rel.gnu.linkonce.r*)

.rela.rodata
 *(.rela.rodata)
 *(.rela.rodata.*)
 *(.rela.gnu.linkonce.r*)

.rel.data
 *(.rel.data)
 *(.rel.data.*)
 *(.rel.gnu.linkonce.d*)

.rela.data
 *(.rela.data)
 *(.rela.data.*)
 *(.rela.gnu.linkonce.d*)

.rel.ctors
 *(.rel.ctors)

.rela.ctors
 *(.rela.ctors)

.rel.dtors
 *(.rel.dtors)

.rela.dtors
 *(.rela.dtors)

.rel.got
 *(.rel.got)

.rela.got
 *(.rela.got)

.rel.bss
 *(.rel.bss)

.rela.bss
 *(.rela.bss)

.rel.plt
 *(.rel.plt)

.rela.plt
 *(.rela.plt)

.text           0x00000000      0x92e
 *(.vectors)
 .vectors       0x00000000       0xe4 c:/program files (x86)/atmel/avr tools/avr toolchain/bin/../lib/gcc/avr/4.6.2/../../../../avr/lib/avr6/crtm2560.o
                0x00000000                __vector_default
                0x00000000                __vectors
 *(.vectors)
 *(.progmem.gcc*)
 *(.progmem*)
                0x000000e4                . = ALIGN (0x2)
                0x000000e4                __trampolines_start = .
 *(.trampolines)
 .trampolines   0x000000e4        0x0 linker stubs
 *(.trampolines*)
                0x000000e4                __trampolines_end = .
 *(.jumptables)
 *(.jumptables*)
 *(.lowtext)
 *(.lowtext*)
                0x000000e4                __ctors_start = .
 *(.ctors)
                0x000000e4                __ctors_end = .
                0x000000e4                __dtors_start = .
 *(.dtors)
                0x000000e4                __dtors_end = .
 SORT(*)(.ctors)
 SORT(*)(.dtors)
 *(.init0)
 .init0         0x000000e4        0x0 c:/program files (x86)/atmel/avr tools/avr toolchain/bin/../lib/gcc/avr/4.6.2/../../../../avr/lib/avr6/crtm2560.o
                0x000000e4                __init
 *(.init0)
 *(.init1)
 *(.init1)
 *(.init2)
 .init2         0x000000e4       0x10 c:/program files (x86)/atmel/avr tools/avr toolchain/bin/../lib/gcc/avr/4.6.2/../../../../avr/lib/avr6/crtm2560.o
 *(.init2)
 *(.init3)
 *(.init3)
 *(.init4)
 .init4         0x000000f4       0x1c c:/program files (x86)/atmel/avr tools/avr toolchain/bin/../lib/gcc/avr/4.6.2/avr6\libgcc.a(_copy_data.o)
                0x000000f4                __do_copy_data
 .init4         0x00000110       0x10 c:/program files (x86)/atmel/avr tools/avr toolchain/bin/../lib/gcc/avr/4.6.2/avr6\libgcc.a(_clear_bss.o)
                0x00000110                __do_clear_bss
 *(.init4)
 *(.init5)
 *(.init5)
 *(.init6)
 *(.init6)
 *(.init7)
 *(.init7)
 *(.init8)
 *(.init8)
 *(.init9)
 .init9         0x00000120        0x8 c:/program files (x86)/atmel/avr tools/avr toolchain/bin/../lib/gcc/avr/4.6.2/../../../../avr/lib/avr6/crtm2560.o
 *(.init9)
 *(.text)
 .text          0x00000128        0x4 c:/program files (x86)/atmel/avr tools/avr toolchain/bin/../lib/gcc/avr/4.6.2/../../../../avr/lib/avr6/crtm2560.o
                0x00000128                __vector_38
                0x00000128                __vector_22
                0x00000128                __vector_28
                0x00000128                __vector_1
                0x00000128                __vector_32
                0x00000128                __vector_34
                0x00000128                __vector_24
                0x00000128                __vector_12
                0x00000128                __vector_55
                0x00000128                __vector_46
                0x00000128                __bad_interrupt
                0x00000128                __vector_6
                0x00000128                __vector_31
                0x00000128                __vector_35
                0x00000128                __vector_39
                0x00000128                __vector_3
                0x00000128                __vector_23
                0x00000128                __vector_30
                0x00000128                __vector_45
                0x00000128                __vector_25
                0x00000128                __vector_11
                0x00000128                __vector_54
                0x00000128                __vector_13
                0x00000128                __vector_17
                0x00000128                __vector_19
                0x00000128                __vector_56
                0x00000128                __vector_7
                0x00000128                __vector_49
                0x00000128                __vector_41
                0x00000128                __vector_43
                0x00000128                __vector_5
                0x00000128                __vector_33
                0x00000128                __vector_47
                0x00000128                __vector_52
                0x00000128                __vector_37
                0x00000128                __vector_4
                0x00000128                __vector_44
                0x00000128                __vector_51
                0x00000128                __vector_9
                0x00000128                __vector_2
                0x00000128                __vector_21
                0x00000128                __vector_15
                0x00000128                __vector_36
                0x00000128                __vector_29
                0x00000128                __vector_40
                0x00000128                __vector_8
                0x00000128                __vector_26
                0x00000128                __vector_48
                0x00000128                __vector_14
                0x00000128                __vector_53
                0x00000128                __vector_10
                0x00000128                __vector_50
                0x00000128                __vector_16
                0x00000128                __vector_18
                0x00000128                __vector_20
                0x00000128                __vector_42
 .text          0x0000012c       0xda uart.o
                0x0000012c                uart_putchar
                0x0000016e                uart_init
                0x000001a8                __vector_27
 .text          0x00000206        0x0 main.o
 .text          0x00000206       0x90 que.o
                0x00000206                q_init
                0x00000218                q_insert
                0x0000025c                q_delete
 .text          0x00000296       0xc4 prime.o
                0x00000296                is_prime
                0x000002d2                app_prime
 .text          0x0000035a        0x0 c:/program files (x86)/atmel/avr tools/avr toolchain/bin/../lib/gcc/avr/4.6.2/avr6\libgcc.a(_divmodhi4.o)
 .text          0x0000035a        0x0 c:/program files (x86)/atmel/avr tools/avr toolchain/bin/../lib/gcc/avr/4.6.2/avr6\libgcc.a(_exit.o)
 .text          0x0000035a        0x0 c:/program files (x86)/atmel/avr tools/avr toolchain/bin/../lib/gcc/avr/4.6.2/avr6\libgcc.a(_copy_data.o)
 .text          0x0000035a        0x0 c:/program files (x86)/atmel/avr tools/avr toolchain/bin/../lib/gcc/avr/4.6.2/avr6\libgcc.a(_clear_bss.o)
 .text          0x0000035a        0x0 c:/program files (x86)/atmel/avr tools/avr toolchain/bin/../lib/gcc/avr/4.6.2/avr6\libgcc.a(_udivmodhi4.o)
 .text          0x0000035a        0x0 c:/program files (x86)/atmel/avr tools/avr toolchain/bin/../lib/gcc/avr/4.6.2/../../../../avr/lib/avr6\libc.a(iob.o)
 .text          0x0000035a        0x0 c:/program files (x86)/atmel/avr tools/avr toolchain/bin/../lib/gcc/avr/4.6.2/../../../../avr/lib/avr6\libc.a(printf.o)
 .text          0x0000035a        0x0 c:/program files (x86)/atmel/avr tools/avr toolchain/bin/../lib/gcc/avr/4.6.2/../../../../avr/lib/avr6\libc.a(vfprintf_std.o)
 .text          0x0000035a        0x0 c:/program files (x86)/atmel/avr tools/avr toolchain/bin/../lib/gcc/avr/4.6.2/../../../../avr/lib/avr6\libc.a(strnlen_P.o)
 .text          0x0000035a        0x0 c:/program files (x86)/atmel/avr tools/avr toolchain/bin/../lib/gcc/avr/4.6.2/../../../../avr/lib/avr6\libc.a(strnlen.o)
 .text          0x0000035a        0x0 c:/program files (x86)/atmel/avr tools/avr toolchain/bin/../lib/gcc/avr/4.6.2/../../../../avr/lib/avr6\libc.a(fputc.o)
 .text          0x0000035a        0x0 c:/program files (x86)/atmel/avr tools/avr toolchain/bin/../lib/gcc/avr/4.6.2/../../../../avr/lib/avr6\libc.a(ultoa_invert.o)
                0x0000035a                . = ALIGN (0x2)
 *(.text.*)
 .text.startup  0x0000035a       0x10 main.o
                0x0000035a                main
 .text.libgcc   0x0000036a       0x26 c:/program files (x86)/atmel/avr tools/avr toolchain/bin/../lib/gcc/avr/4.6.2/avr6\libgcc.a(_divmodhi4.o)
                0x0000036a                _div
                0x0000036a                __divmodhi4
 .text.libgcc   0x00000390        0x0 c:/program files (x86)/atmel/avr tools/avr toolchain/bin/../lib/gcc/avr/4.6.2/avr6\libgcc.a(_exit.o)
 .text.libgcc   0x00000390        0x0 c:/program files (x86)/atmel/avr tools/avr toolchain/bin/../lib/gcc/avr/4.6.2/avr6\libgcc.a(_copy_data.o)
 .text.libgcc   0x00000390        0x0 c:/program files (x86)/atmel/avr tools/avr toolchain/bin/../lib/gcc/avr/4.6.2/avr6\libgcc.a(_clear_bss.o)
 .text.libgcc   0x00000390       0x28 c:/program files (x86)/atmel/avr tools/avr toolchain/bin/../lib/gcc/avr/4.6.2/avr6\libgcc.a(_udivmodhi4.o)
                0x00000390                __udivmodhi4
 .text.avr-libc
                0x000003b8       0x24 c:/program files (x86)/atmel/avr tools/avr toolchain/bin/../lib/gcc/avr/4.6.2/../../../../avr/lib/avr6\libc.a(printf.o)
                0x000003b8                printf
 .text.avr-libc
                0x000003dc      0x40e c:/program files (x86)/atmel/avr tools/avr toolchain/bin/../lib/gcc/avr/4.6.2/../../../../avr/lib/avr6\libc.a(vfprintf_std.o)
                0x000003dc                vfprintf
 .text.avr-libc
                0x000007ea       0x16 c:/program files (x86)/atmel/avr tools/avr toolchain/bin/../lib/gcc/avr/4.6.2/../../../../avr/lib/avr6\libc.a(strnlen_P.o)
                0x000007ea                strnlen_P
 .text.avr-libc
                0x00000800       0x16 c:/program files (x86)/atmel/avr tools/avr toolchain/bin/../lib/gcc/avr/4.6.2/../../../../avr/lib/avr6\libc.a(strnlen.o)
                0x00000800                strnlen
 .text.avr-libc
                0x00000816       0x58 c:/program files (x86)/atmel/avr tools/avr toolchain/bin/../lib/gcc/avr/4.6.2/../../../../avr/lib/avr6\libc.a(fputc.o)
                0x00000816                fputc
 .text.avr-libc
                0x0000086e       0xbc c:/program files (x86)/atmel/avr tools/avr toolchain/bin/../lib/gcc/avr/4.6.2/../../../../avr/lib/avr6\libc.a(ultoa_invert.o)
                0x0000086e                __ultoa_invert
                0x0000092a                . = ALIGN (0x2)
 *(.fini9)
 .fini9         0x0000092a        0x0 c:/program files (x86)/atmel/avr tools/avr toolchain/bin/../lib/gcc/avr/4.6.2/avr6\libgcc.a(_exit.o)
                0x0000092a                _exit
                0x0000092a                exit
 *(.fini9)
 *(.fini8)
 *(.fini8)
 *(.fini7)
 *(.fini7)
 *(.fini6)
 *(.fini6)
 *(.fini5)
 *(.fini5)
 *(.fini4)
 *(.fini4)
 *(.fini3)
 *(.fini3)
 *(.fini2)
 *(.fini2)
 *(.fini1)
 *(.fini1)
 *(.fini0)
 .fini0         0x0000092a        0x4 c:/program files (x86)/atmel/avr tools/avr toolchain/bin/../lib/gcc/avr/4.6.2/avr6\libgcc.a(_exit.o)
 *(.fini0)
                0x0000092e                _etext = .

.data           0x00800200       0x34 load address 0x0000092e
                0x00800200                PROVIDE (__data_start, .)
 *(.data)
 .data          0x00800200        0x0 c:/program files (x86)/atmel/avr tools/avr toolchain/bin/../lib/gcc/avr/4.6.2/../../../../avr/lib/avr6/crtm2560.o
 .data          0x00800200        0xe uart.o
                0x00800200                Mystdout
 .data          0x0080020e        0x0 main.o
 .data          0x0080020e        0x0 que.o
 .data          0x0080020e       0x26 prime.o
 .data          0x00800234        0x0 c:/program files (x86)/atmel/avr tools/avr toolchain/bin/../lib/gcc/avr/4.6.2/avr6\libgcc.a(_divmodhi4.o)
 .data          0x00800234        0x0 c:/program files (x86)/atmel/avr tools/avr toolchain/bin/../lib/gcc/avr/4.6.2/avr6\libgcc.a(_exit.o)
 .data          0x00800234        0x0 c:/program files (x86)/atmel/avr tools/avr toolchain/bin/../lib/gcc/avr/4.6.2/avr6\libgcc.a(_copy_data.o)
 .data          0x00800234        0x0 c:/program files (x86)/atmel/avr tools/avr toolchain/bin/../lib/gcc/avr/4.6.2/avr6\libgcc.a(_clear_bss.o)
 .data          0x00800234        0x0 c:/program files (x86)/atmel/avr tools/avr toolchain/bin/../lib/gcc/avr/4.6.2/avr6\libgcc.a(_udivmodhi4.o)
 .data          0x00800234        0x0 c:/program files (x86)/atmel/avr tools/avr toolchain/bin/../lib/gcc/avr/4.6.2/../../../../avr/lib/avr6\libc.a(iob.o)
 .data          0x00800234        0x0 c:/program files (x86)/atmel/avr tools/avr toolchain/bin/../lib/gcc/avr/4.6.2/../../../../avr/lib/avr6\libc.a(printf.o)
 .data          0x00800234        0x0 c:/program files (x86)/atmel/avr tools/avr toolchain/bin/../lib/gcc/avr/4.6.2/../../../../avr/lib/avr6\libc.a(vfprintf_std.o)
 .data          0x00800234        0x0 c:/program files (x86)/atmel/avr tools/avr toolchain/bin/../lib/gcc/avr/4.6.2/../../../../avr/lib/avr6\libc.a(strnlen_P.o)
 .data          0x00800234        0x0 c:/program files (x86)/atmel/avr tools/avr toolchain/bin/../lib/gcc/avr/4.6.2/../../../../avr/lib/avr6\libc.a(strnlen.o)
 .data          0x00800234        0x0 c:/program files (x86)/atmel/avr tools/avr toolchain/bin/../lib/gcc/avr/4.6.2/../../../../avr/lib/avr6\libc.a(fputc.o)
 .data          0x00800234        0x0 c:/program files (x86)/atmel/avr tools/avr toolchain/bin/../lib/gcc/avr/4.6.2/../../../../avr/lib/avr6\libc.a(ultoa_invert.o)
 *(.data*)
 *(.rodata)
 *(.rodata*)
 *(.gnu.linkonce.d*)
                0x00800234                . = ALIGN (0x2)
                0x00800234                _edata = .
                0x00800234                PROVIDE (__data_end, .)

.bss            0x00800234       0x4b
                0x00800234                PROVIDE (__bss_start, .)
 *(.bss)
 .bss           0x00800234        0x0 c:/program files (x86)/atmel/avr tools/avr toolchain/bin/../lib/gcc/avr/4.6.2/../../../../avr/lib/avr6/crtm2560.o
 .bss           0x00800234        0x0 uart.o
 .bss           0x00800234        0x0 main.o
 .bss           0x00800234        0x0 que.o
 .bss           0x00800234        0x0 prime.o
 .bss           0x00800234        0x0 c:/program files (x86)/atmel/avr tools/avr toolchain/bin/../lib/gcc/avr/4.6.2/avr6\libgcc.a(_divmodhi4.o)
 .bss           0x00800234        0x0 c:/program files (x86)/atmel/avr tools/avr toolchain/bin/../lib/gcc/avr/4.6.2/avr6\libgcc.a(_exit.o)
 .bss           0x00800234        0x0 c:/program files (x86)/atmel/avr tools/avr toolchain/bin/../lib/gcc/avr/4.6.2/avr6\libgcc.a(_copy_data.o)
 .bss           0x00800234        0x0 c:/program files (x86)/atmel/avr tools/avr toolchain/bin/../lib/gcc/avr/4.6.2/avr6\libgcc.a(_clear_bss.o)
 .bss           0x00800234        0x0 c:/program files (x86)/atmel/avr tools/avr toolchain/bin/../lib/gcc/avr/4.6.2/avr6\libgcc.a(_udivmodhi4.o)
 .bss           0x00800234        0x0 c:/program files (x86)/atmel/avr tools/avr toolchain/bin/../lib/gcc/avr/4.6.2/../../../../avr/lib/avr6\libc.a(iob.o)
 .bss           0x00800234        0x0 c:/program files (x86)/atmel/avr tools/avr toolchain/bin/../lib/gcc/avr/4.6.2/../../../../avr/lib/avr6\libc.a(printf.o)
 .bss           0x00800234        0x0 c:/program files (x86)/atmel/avr tools/avr toolchain/bin/../lib/gcc/avr/4.6.2/../../../../avr/lib/avr6\libc.a(vfprintf_std.o)
 .bss           0x00800234        0x0 c:/program files (x86)/atmel/avr tools/avr toolchain/bin/../lib/gcc/avr/4.6.2/../../../../avr/lib/avr6\libc.a(strnlen_P.o)
 .bss           0x00800234        0x0 c:/program files (x86)/atmel/avr tools/avr toolchain/bin/../lib/gcc/avr/4.6.2/../../../../avr/lib/avr6\libc.a(strnlen.o)
 .bss           0x00800234        0x0 c:/program files (x86)/atmel/avr tools/avr toolchain/bin/../lib/gcc/avr/4.6.2/../../../../avr/lib/avr6\libc.a(fputc.o)
 .bss           0x00800234        0x0 c:/program files (x86)/atmel/avr tools/avr toolchain/bin/../lib/gcc/avr/4.6.2/../../../../avr/lib/avr6\libc.a(ultoa_invert.o)
 *(.bss*)
 *(COMMON)
 COMMON         0x00800234        0x1 uart.o
                0x00800234                uart_busy
 COMMON         0x00800235       0x44 que.o
                0x00800235                f
                0x00800237                r
                0x00800239                q
 COMMON         0x00800279        0x6 c:/program files (x86)/atmel/avr tools/avr toolchain/bin/../lib/gcc/avr/4.6.2/../../../../avr/lib/avr6\libc.a(iob.o)
                0x00800279                __iob
                0x0080027f                PROVIDE (__bss_end, .)
                0x0000092e                __data_load_start = LOADADDR (.data)
                0x00000962                __data_load_end = (__data_load_start + SIZEOF (.data))

.noinit         0x0080027f        0x0
                0x0080027f                PROVIDE (__noinit_start, .)
 *(.noinit*)
                0x0080027f                PROVIDE (__noinit_end, .)
                0x0080027f                _end = .
                0x0080027f                PROVIDE (__heap_start, .)

.eeprom         0x00810000        0x0
 *(.eeprom*)
                0x00810000                __eeprom_end = .

.fuse
 *(.fuse)
 *(.lfuse)
 *(.hfuse)
 *(.efuse)

.lock
 *(.lock*)

.signature
 *(.signature*)

.stab           0x00000000      0xc9c
 *(.stab)
 .stab          0x00000000      0x6e4 c:/program files (x86)/atmel/avr tools/avr toolchain/bin/../lib/gcc/avr/4.6.2/../../../../avr/lib/avr6/crtm2560.o
 .stab          0x000006e4       0x9c c:/program files (x86)/atmel/avr tools/avr toolchain/bin/../lib/gcc/avr/4.6.2/../../../../avr/lib/avr6\libc.a(strnlen_P.o)
                                 0xa8 (size before relaxing)
 .stab          0x00000780       0x9c c:/program files (x86)/atmel/avr tools/avr toolchain/bin/../lib/gcc/avr/4.6.2/../../../../avr/lib/avr6\libc.a(strnlen.o)
                                 0xa8 (size before relaxing)
 .stab          0x0000081c      0x480 c:/program files (x86)/atmel/avr tools/avr toolchain/bin/../lib/gcc/avr/4.6.2/../../../../avr/lib/avr6\libc.a(ultoa_invert.o)
                                0x48c (size before relaxing)

.stabstr        0x00000000      0x1b6
 *(.stabstr)
 .stabstr       0x00000000      0x1b6 c:/program files (x86)/atmel/avr tools/avr toolchain/bin/../lib/gcc/avr/4.6.2/../../../../avr/lib/avr6/crtm2560.o

.stab.excl
 *(.stab.excl)

.stab.exclstr
 *(.stab.exclstr)

.stab.index
 *(.stab.index)

.stab.indexstr
 *(.stab.indexstr)

.comment
 *(.comment)

.debug
 *(.debug)

.line
 *(.line)

.debug_srcinfo
 *(.debug_srcinfo)

.debug_sfnames
 *(.debug_sfnames)

.debug_aranges  0x00000000      0x180
 *(.debug_aranges)
 .debug_aranges
                0x00000000       0x20 uart.o
 .debug_aranges
                0x00000020       0x20 main.o
 .debug_aranges
                0x00000040       0x20 que.o
 .debug_aranges
                0x00000060       0x20 prime.o
 .debug_aranges
                0x00000080       0x20 c:/program files (x86)/atmel/avr tools/avr toolchain/bin/../lib/gcc/avr/4.6.2/avr6\libgcc.a(_divmodhi4.o)
 .debug_aranges
                0x000000a0       0x20 c:/program files (x86)/atmel/avr tools/avr toolchain/bin/../lib/gcc/avr/4.6.2/avr6\libgcc.a(_exit.o)
 .debug_aranges
                0x000000c0       0x20 c:/program files (x86)/atmel/avr tools/avr toolchain/bin/../lib/gcc/avr/4.6.2/avr6\libgcc.a(_copy_data.o)
 .debug_aranges
                0x000000e0       0x20 c:/program files (x86)/atmel/avr tools/avr toolchain/bin/../lib/gcc/avr/4.6.2/avr6\libgcc.a(_clear_bss.o)
 .debug_aranges
                0x00000100       0x20 c:/program files (x86)/atmel/avr tools/avr toolchain/bin/../lib/gcc/avr/4.6.2/avr6\libgcc.a(_udivmodhi4.o)
 .debug_aranges
                0x00000120       0x20 c:/program files (x86)/atmel/avr tools/avr toolchain/bin/../lib/gcc/avr/4.6.2/../../../../avr/lib/avr6\libc.a(printf.o)
 .debug_aranges
                0x00000140       0x20 c:/program files (x86)/atmel/avr tools/avr toolchain/bin/../lib/gcc/avr/4.6.2/../../../../avr/lib/avr6\libc.a(vfprintf_std.o)
 .debug_aranges
                0x00000160       0x20 c:/program files (x86)/atmel/avr tools/avr toolchain/bin/../lib/gcc/avr/4.6.2/../../../../avr/lib/avr6\libc.a(fputc.o)

.debug_pubnames
 *(.debug_pubnames)

.debug_info     0x00000000     0x1104
 *(.debug_info)
 .debug_info    0x00000000      0x2a4 uart.o
 .debug_info    0x000002a4       0x81 main.o
 .debug_info    0x00000325       0xf4 que.o
 .debug_info    0x00000419       0xdc prime.o
 .debug_info    0x000004f5       0xdd c:/program files (x86)/atmel/avr tools/avr toolchain/bin/../lib/gcc/avr/4.6.2/avr6\libgcc.a(_divmodhi4.o)
 .debug_info    0x000005d2       0xdd c:/program files (x86)/atmel/avr tools/avr toolchain/bin/../lib/gcc/avr/4.6.2/avr6\libgcc.a(_exit.o)
 .debug_info    0x000006af       0xdd c:/program files (x86)/atmel/avr tools/avr toolchain/bin/../lib/gcc/avr/4.6.2/avr6\libgcc.a(_copy_data.o)
 .debug_info    0x0000078c       0xdd c:/program files (x86)/atmel/avr tools/avr toolchain/bin/../lib/gcc/avr/4.6.2/avr6\libgcc.a(_clear_bss.o)
 .debug_info    0x00000869       0xdd c:/program files (x86)/atmel/avr tools/avr toolchain/bin/../lib/gcc/avr/4.6.2/avr6\libgcc.a(_udivmodhi4.o)
 .debug_info    0x00000946      0x14f c:/program files (x86)/atmel/avr tools/avr toolchain/bin/../lib/gcc/avr/4.6.2/../../../../avr/lib/avr6\libc.a(iob.o)
 .debug_info    0x00000a95      0x1c6 c:/program files (x86)/atmel/avr tools/avr toolchain/bin/../lib/gcc/avr/4.6.2/../../../../avr/lib/avr6\libc.a(printf.o)
 .debug_info    0x00000c5b      0x342 c:/program files (x86)/atmel/avr tools/avr toolchain/bin/../lib/gcc/avr/4.6.2/../../../../avr/lib/avr6\libc.a(vfprintf_std.o)
 .debug_info    0x00000f9d      0x167 c:/program files (x86)/atmel/avr tools/avr toolchain/bin/../lib/gcc/avr/4.6.2/../../../../avr/lib/avr6\libc.a(fputc.o)
 *(.gnu.linkonce.wi.*)

.debug_abbrev   0x00000000      0x7b7
 *(.debug_abbrev)
 .debug_abbrev  0x00000000      0x1c4 uart.o
 .debug_abbrev  0x000001c4       0x41 main.o
 .debug_abbrev  0x00000205       0xae que.o
 .debug_abbrev  0x000002b3       0x85 prime.o
 .debug_abbrev  0x00000338       0x14 c:/program files (x86)/atmel/avr tools/avr toolchain/bin/../lib/gcc/avr/4.6.2/avr6\libgcc.a(_divmodhi4.o)
 .debug_abbrev  0x0000034c       0x14 c:/program files (x86)/atmel/avr tools/avr toolchain/bin/../lib/gcc/avr/4.6.2/avr6\libgcc.a(_exit.o)
 .debug_abbrev  0x00000360       0x14 c:/program files (x86)/atmel/avr tools/avr toolchain/bin/../lib/gcc/avr/4.6.2/avr6\libgcc.a(_copy_data.o)
 .debug_abbrev  0x00000374       0x14 c:/program files (x86)/atmel/avr tools/avr toolchain/bin/../lib/gcc/avr/4.6.2/avr6\libgcc.a(_clear_bss.o)
 .debug_abbrev  0x00000388       0x14 c:/program files (x86)/atmel/avr tools/avr toolchain/bin/../lib/gcc/avr/4.6.2/avr6\libgcc.a(_udivmodhi4.o)
 .debug_abbrev  0x0000039c       0xc5 c:/program files (x86)/atmel/avr tools/avr toolchain/bin/../lib/gcc/avr/4.6.2/../../../../avr/lib/avr6\libc.a(iob.o)
 .debug_abbrev  0x00000461      0x11c c:/program files (x86)/atmel/avr tools/avr toolchain/bin/../lib/gcc/avr/4.6.2/../../../../avr/lib/avr6\libc.a(printf.o)
 .debug_abbrev  0x0000057d      0x161 c:/program files (x86)/atmel/avr tools/avr toolchain/bin/../lib/gcc/avr/4.6.2/../../../../avr/lib/avr6\libc.a(vfprintf_std.o)
 .debug_abbrev  0x000006de       0xd9 c:/program files (x86)/atmel/avr tools/avr toolchain/bin/../lib/gcc/avr/4.6.2/../../../../avr/lib/avr6\libc.a(fputc.o)

.debug_line     0x00000000      0xa9b
 *(.debug_line)
 .debug_line    0x00000000      0x156 uart.o
 .debug_line    0x00000156       0x39 main.o
 .debug_line    0x0000018f       0x4f que.o
 .debug_line    0x000001de       0x54 prime.o
 .debug_line    0x00000232       0x99 c:/program files (x86)/atmel/avr tools/avr toolchain/bin/../lib/gcc/avr/4.6.2/avr6\libgcc.a(_divmodhi4.o)
 .debug_line    0x000002cb       0x88 c:/program files (x86)/atmel/avr tools/avr toolchain/bin/../lib/gcc/avr/4.6.2/avr6\libgcc.a(_exit.o)
 .debug_line    0x00000353       0x96 c:/program files (x86)/atmel/avr tools/avr toolchain/bin/../lib/gcc/avr/4.6.2/avr6\libgcc.a(_copy_data.o)
 .debug_line    0x000003e9       0x8e c:/program files (x86)/atmel/avr tools/avr toolchain/bin/../lib/gcc/avr/4.6.2/avr6\libgcc.a(_clear_bss.o)
 .debug_line    0x00000477       0x9a c:/program files (x86)/atmel/avr tools/avr toolchain/bin/../lib/gcc/avr/4.6.2/avr6\libgcc.a(_udivmodhi4.o)
 .debug_line    0x00000511       0xc7 c:/program files (x86)/atmel/avr tools/avr toolchain/bin/../lib/gcc/avr/4.6.2/../../../../avr/lib/avr6\libc.a(iob.o)
 .debug_line    0x000005d8      0x151 c:/program files (x86)/atmel/avr tools/avr toolchain/bin/../lib/gcc/avr/4.6.2/../../../../avr/lib/avr6\libc.a(printf.o)
 .debug_line    0x00000729      0x291 c:/program files (x86)/atmel/avr tools/avr toolchain/bin/../lib/gcc/avr/4.6.2/../../../../avr/lib/avr6\libc.a(vfprintf_std.o)
 .debug_line    0x000009ba       0xe1 c:/program files (x86)/atmel/avr tools/avr toolchain/bin/../lib/gcc/avr/4.6.2/../../../../avr/lib/avr6\libc.a(fputc.o)

.debug_frame    0x00000000      0x264
 *(.debug_frame)
 .debug_frame   0x00000000       0x94 uart.o
 .debug_frame   0x00000094       0x24 main.o
 .debug_frame   0x000000b8       0x44 que.o
 .debug_frame   0x000000fc       0x78 prime.o
 .debug_frame   0x00000174       0x34 c:/program files (x86)/atmel/avr tools/avr toolchain/bin/../lib/gcc/avr/4.6.2/../../../../avr/lib/avr6\libc.a(printf.o)
 .debug_frame   0x000001a8       0x84 c:/program files (x86)/atmel/avr tools/avr toolchain/bin/../lib/gcc/avr/4.6.2/../../../../avr/lib/avr6\libc.a(vfprintf_std.o)
 .debug_frame   0x0000022c       0x38 c:/program files (x86)/atmel/avr tools/avr toolchain/bin/../lib/gcc/avr/4.6.2/../../../../avr/lib/avr6\libc.a(fputc.o)

.debug_str      0x00000000      0x340
 *(.debug_str)
 .debug_str     0x00000000      0x138 uart.o
                                0x171 (size before relaxing)
 .debug_str     0x00000138        0xf main.o
                                 0xba (size before relaxing)
 .debug_str     0x00000147       0x22 que.o
                                 0x73 (size before relaxing)
 .debug_str     0x00000169       0x24 prime.o
                                 0xcf (size before relaxing)
 .debug_str     0x0000018d       0x4e c:/program files (x86)/atmel/avr tools/avr toolchain/bin/../lib/gcc/avr/4.6.2/../../../../avr/lib/avr6\libc.a(iob.o)
                                 0xf2 (size before relaxing)
 .debug_str     0x000001db       0x72 c:/program files (x86)/atmel/avr tools/avr toolchain/bin/../lib/gcc/avr/4.6.2/../../../../avr/lib/avr6\libc.a(printf.o)
                                0x125 (size before relaxing)
 .debug_str     0x0000024d       0x9d c:/program files (x86)/atmel/avr tools/avr toolchain/bin/../lib/gcc/avr/4.6.2/../../../../avr/lib/avr6\libc.a(vfprintf_std.o)
                                0x16b (size before relaxing)
 .debug_str     0x000002ea       0x56 c:/program files (x86)/atmel/avr tools/avr toolchain/bin/../lib/gcc/avr/4.6.2/../../../../avr/lib/avr6\libc.a(fputc.o)
                                 0xfb (size before relaxing)

.debug_loc      0x00000000      0x9f3
 *(.debug_loc)
 .debug_loc     0x00000000      0x17c uart.o
 .debug_loc     0x0000017c       0x1e que.o
 .debug_loc     0x0000019a      0x19c prime.o
 .debug_loc     0x00000336       0x3b c:/program files (x86)/atmel/avr tools/avr toolchain/bin/../lib/gcc/avr/4.6.2/../../../../avr/lib/avr6\libc.a(printf.o)
 .debug_loc     0x00000371      0x5e9 c:/program files (x86)/atmel/avr tools/avr toolchain/bin/../lib/gcc/avr/4.6.2/../../../../avr/lib/avr6\libc.a(vfprintf_std.o)
 .debug_loc     0x0000095a       0x99 c:/program files (x86)/atmel/avr tools/avr toolchain/bin/../lib/gcc/avr/4.6.2/../../../../avr/lib/avr6\libc.a(fputc.o)

.debug_macinfo
 *(.debug_macinfo)
OUTPUT(Pjt06_uart_stdout_cir_queue.elf elf32-avr)
LOAD linker stubs

.debug_ranges   0x00000000       0x40
 .debug_ranges  0x00000000       0x10 main.o
 .debug_ranges  0x00000010       0x10 c:/program files (x86)/atmel/avr tools/avr toolchain/bin/../lib/gcc/avr/4.6.2/../../../../avr/lib/avr6\libc.a(printf.o)
 .debug_ranges  0x00000020       0x10 c:/program files (x86)/atmel/avr tools/avr toolchain/bin/../lib/gcc/avr/4.6.2/../../../../avr/lib/avr6\libc.a(vfprintf_std.o)
 .debug_ranges  0x00000030       0x10 c:/program files (x86)/atmel/avr tools/avr toolchain/bin/../lib/gcc/avr/4.6.2/../../../../avr/lib/avr6\libc.a(fputc.o)
